Release 14.7 - xst P.20131013 (lin64)
Copyright (c) 1995-2013 Xilinx, Inc.  All rights reserved.
--> 
Parameter TMPDIR set to xst/projnav.tmp


Total REAL time to Xst completion: 0.00 secs
Total CPU time to Xst completion: 0.04 secs
 
--> 
Parameter xsthdpdir set to xst


Total REAL time to Xst completion: 0.00 secs
Total CPU time to Xst completion: 0.04 secs
 
--> 
Reading design: Main.prj

TABLE OF CONTENTS
  1) Synthesis Options Summary
  2) HDL Parsing
  3) HDL Elaboration
  4) HDL Synthesis
       4.1) HDL Synthesis Report
  5) Advanced HDL Synthesis
       5.1) Advanced HDL Synthesis Report
  6) Low Level Synthesis
  7) Partition Report
  8) Design Summary
       8.1) Primitive and Black Box Usage
       8.2) Device utilization summary
       8.3) Partition Resource Summary
       8.4) Timing Report
            8.4.1) Clock Information
            8.4.2) Asynchronous Control Signals Information
            8.4.3) Timing Summary
            8.4.4) Timing Details
            8.4.5) Cross Clock Domains Report


=========================================================================
*                      Synthesis Options Summary                        *
=========================================================================
---- Source Parameters
Input File Name                    : "Main.prj"
Ignore Synthesis Constraint File   : NO

---- Target Parameters
Output File Name                   : "Main"
Output Format                      : NGC
Target Device                      : xc6slx16-3-csg324

---- Source Options
Top Module Name                    : Main
Automatic FSM Extraction           : YES
FSM Encoding Algorithm             : Auto
Safe Implementation                : No
FSM Style                          : LUT
RAM Extraction                     : Yes
RAM Style                          : Auto
ROM Extraction                     : Yes
Shift Register Extraction          : YES
ROM Style                          : Auto
Resource Sharing                   : YES
Asynchronous To Synchronous        : NO
Shift Register Minimum Size        : 2
Use DSP Block                      : Auto
Automatic Register Balancing       : No

---- Target Options
LUT Combining                      : Auto
Reduce Control Sets                : Auto
Add IO Buffers                     : YES
Global Maximum Fanout              : 100000
Add Generic Clock Buffer(BUFG)     : 16
Register Duplication               : YES
Optimize Instantiated Primitives   : NO
Use Clock Enable                   : Auto
Use Synchronous Set                : Auto
Use Synchronous Reset              : Auto
Pack IO Registers into IOBs        : Auto
Equivalent register Removal        : YES

---- General Options
Optimization Goal                  : Speed
Optimization Effort                : 1
Power Reduction                    : NO
Keep Hierarchy                     : No
Netlist Hierarchy                  : As_Optimized
RTL Output                         : Yes
Global Optimization                : AllClockNets
Read Cores                         : YES
Write Timing Constraints           : NO
Cross Clock Analysis               : NO
Hierarchy Separator                : /
Bus Delimiter                      : <>
Case Specifier                     : Maintain
Slice Utilization Ratio            : 100
BRAM Utilization Ratio             : 100
DSP48 Utilization Ratio            : 100
Auto BRAM Packing                  : NO
Slice Utilization Ratio Delta      : 5

=========================================================================


=========================================================================
*                          HDL Parsing                                  *
=========================================================================
Analyzing Verilog file "/home/victor/Escritorio/Interfaz/remote_sources/_/_/Keyboard/Altera_UP_PS2_Data_In.v" into library work
Parsing module <Altera_UP_PS2_Data_In>.
Analyzing Verilog file "/home/victor/Escritorio/Interfaz/remote_sources/_/_/Keyboard/Altera_UP_PS2_Command_Out.v" into library work
Parsing module <Altera_UP_PS2_Command_Out>.
Analyzing Verilog file "/home/victor/Escritorio/Interfaz/remote_sources/_/_/Keyboard/PS2_Controller.v" into library work
Parsing module <PS2_Controller>.
Analyzing Verilog file "/home/victor/Escritorio/Interfaz/write.v" into library work
Parsing module <write>.
Analyzing Verilog file "/home/victor/Escritorio/Interfaz/remote_sources/_/_/Keyboard/KeyboarController.v" into library work
Parsing module <KeyboarController>.
WARNING:HDLCompiler:568 - "/home/victor/Escritorio/Interfaz/remote_sources/_/_/Keyboard/KeyboarController.v" Line 150: Constant value is truncated to fit in <8> bits.
Analyzing Verilog file "/home/victor/Escritorio/Interfaz/Divisor_CLK_50.v" into library work
Parsing module <Divisor_Clk_50>.
Analyzing Verilog file "/home/victor/Escritorio/Interfaz/Main.v" into library work
Parsing verilog file "VGA.v" included at line 1.
Parsing verilog file "vga_sync.v" included at line 1.
Parsing module <vga_sync>.
Parsing module <VGA>.
Parsing verilog file "Divisor_de_frecuencia.v" included at line 2.
Parsing module <Divisor_de_frecuencia>.
Parsing verilog file "Divisor_1Hz.v" included at line 3.
Parsing module <Divisor_1Hz>.
Parsing verilog file "Divisor_vga_Clk.v" included at line 4.
Parsing module <Divisor_vga_Clk>.
Parsing module <Main>.

=========================================================================
*                            HDL Elaboration                            *
=========================================================================
WARNING:HDLCompiler:1016 - "/home/victor/Escritorio/Interfaz/Main.v" Line 29: Port reset is not connected to this instance
WARNING:HDLCompiler:1016 - "/home/victor/Escritorio/Interfaz/Main.v" Line 30: Port reset is not connected to this instance
WARNING:HDLCompiler:1016 - "/home/victor/Escritorio/Interfaz/Main.v" Line 31: Port reset is not connected to this instance

Elaborating module <Main>.

Elaborating module <Divisor_Clk_50>.
WARNING:HDLCompiler:413 - "/home/victor/Escritorio/Interfaz/Divisor_CLK_50.v" Line 42: Result of 2-bit expression is truncated to fit in 1-bit target.

Elaborating module <Divisor_de_frecuencia>.
WARNING:HDLCompiler:413 - "Divisor_de_frecuencia.v" Line 43: Result of 24-bit expression is truncated to fit in 23-bit target.
WARNING:HDLCompiler:1127 - "/home/victor/Escritorio/Interfaz/Main.v" Line 30: Assignment to clk_1HZ ignored, since the identifier is never used

Elaborating module <Divisor_vga_Clk>.
WARNING:HDLCompiler:413 - "Divisor_vga_Clk.v" Line 42: Result of 2-bit expression is truncated to fit in 1-bit target.

Elaborating module <Divisor_1Hz>.
WARNING:HDLCompiler:413 - "Divisor_1Hz.v" Line 39: Result of 32-bit expression is truncated to fit in 27-bit target.
WARNING:HDLCompiler:1127 - "/home/victor/Escritorio/Interfaz/Main.v" Line 32: Assignment to clkPer ignored, since the identifier is never used
WARNING:HDLCompiler:1016 - "VGA.v" Line 36: Port reset is not connected to this instance

Elaborating module <VGA>.

Elaborating module <vga_sync>.
WARNING:HDLCompiler:413 - "vga_sync.v" Line 70: Result of 11-bit expression is truncated to fit in 10-bit target.
WARNING:HDLCompiler:413 - "vga_sync.v" Line 83: Result of 11-bit expression is truncated to fit in 10-bit target.
WARNING:HDLCompiler:552 - "VGA.v" Line 36: Input port reset is not connected on this instance
WARNING:HDLCompiler:189 - "/home/victor/Escritorio/Interfaz/Main.v" Line 34: Size mismatch in connection of port <result>. Formal port size is 9-bit while actual signal size is 32-bit.

Elaborating module <KeyboarController>.
WARNING:HDLCompiler:872 - "/home/victor/Escritorio/Interfaz/remote_sources/_/_/Keyboard/KeyboarController.v" Line 41: Using initial value of the_command since it is never assigned

Elaborating module <PS2_Controller>.

Elaborating module <Altera_UP_PS2_Data_In>.

Elaborating module <Altera_UP_PS2_Command_Out>.
WARNING:HDLCompiler:1127 - "/home/victor/Escritorio/Interfaz/remote_sources/_/_/Keyboard/KeyboarController.v" Line 54: Assignment to command_sent ignored, since the identifier is never used
WARNING:HDLCompiler:1127 - "/home/victor/Escritorio/Interfaz/remote_sources/_/_/Keyboard/KeyboarController.v" Line 55: Assignment to error_communication_timed_out ignored, since the identifier is never used
WARNING:HDLCompiler:1127 - "/home/victor/Escritorio/Interfaz/remote_sources/_/_/Keyboard/KeyboarController.v" Line 57: Assignment to received_data_en ignored, since the identifier is never used

Elaborating module <write>.
WARNING:HDLCompiler:189 - "/home/victor/Escritorio/Interfaz/Main.v" Line 46: Size mismatch in connection of port <num>. Formal port size is 32-bit while actual signal size is 14-bit.
WARNING:HDLCompiler:1127 - "/home/victor/Escritorio/Interfaz/Main.v" Line 46: Assignment to data ignored, since the identifier is never used
WARNING:HDLCompiler:552 - "/home/victor/Escritorio/Interfaz/Main.v" Line 29: Input port reset is not connected on this instance
WARNING:HDLCompiler:552 - "/home/victor/Escritorio/Interfaz/Main.v" Line 30: Input port reset is not connected on this instance
WARNING:HDLCompiler:552 - "/home/victor/Escritorio/Interfaz/Main.v" Line 31: Input port reset is not connected on this instance
WARNING:Xst:2972 - "/home/victor/Escritorio/Interfaz/Main.v" line 30. All outputs of instance <div> of block <Divisor_de_frecuencia> are unconnected in block <Main>. Underlying logic will be removed.
WARNING:Xst:2972 - "/home/victor/Escritorio/Interfaz/Main.v" line 32. All outputs of instance <divPer> of block <Divisor_1Hz> are unconnected in block <Main>. Underlying logic will be removed.
WARNING:Xst:2972 - "/home/victor/Escritorio/Interfaz/Main.v" line 46. All outputs of instance <w> of block <write> are unconnected in block <Main>. Underlying logic will be removed.

=========================================================================
*                           HDL Synthesis                               *
=========================================================================

Synthesizing Unit <Main>.
    Related source file is "/home/victor/Escritorio/Interfaz/Main.v".
WARNING:Xst:2898 - Port 'reset', unconnected in block instance 'keyclk', is tied to GND.
WARNING:Xst:2898 - Port 'reset', unconnected in block instance 'div', is tied to GND.
WARNING:Xst:2898 - Port 'reset', unconnected in block instance 'vgaClk', is tied to GND.
WARNING:Xst:647 - Input <sw> is never used. This port will be preserved and left unconnected if it belongs to a top-level block or it belongs to a sub-block and the hierarchy of this sub-block is preserved.
WARNING:Xst:647 - Input <bDer> is never used. This port will be preserved and left unconnected if it belongs to a top-level block or it belongs to a sub-block and the hierarchy of this sub-block is preserved.
WARNING:Xst:647 - Input <bIzq> is never used. This port will be preserved and left unconnected if it belongs to a top-level block or it belongs to a sub-block and the hierarchy of this sub-block is preserved.
WARNING:Xst:647 - Input <bCen> is never used. This port will be preserved and left unconnected if it belongs to a top-level block or it belongs to a sub-block and the hierarchy of this sub-block is preserved.
WARNING:Xst:647 - Input <bR> is never used. This port will be preserved and left unconnected if it belongs to a top-level block or it belongs to a sub-block and the hierarchy of this sub-block is preserved.
INFO:Xst:3210 - "/home/victor/Escritorio/Interfaz/Main.v" line 30: Output port <div_frec> of the instance <div> is unconnected or connected to loadless signal.
INFO:Xst:3210 - "/home/victor/Escritorio/Interfaz/Main.v" line 32: Output port <div_frec> of the instance <divPer> is unconnected or connected to loadless signal.
INFO:Xst:3210 - "/home/victor/Escritorio/Interfaz/Main.v" line 46: Output port <data> of the instance <w> is unconnected or connected to loadless signal.
INFO:Xst:3210 - "/home/victor/Escritorio/Interfaz/Main.v" line 46: Output port <address> of the instance <w> is unconnected or connected to loadless signal.
INFO:Xst:3210 - "/home/victor/Escritorio/Interfaz/Main.v" line 46: Output port <enable> of the instance <w> is unconnected or connected to loadless signal.
    Summary:
	no macro.
Unit <Main> synthesized.

Synthesizing Unit <Divisor_Clk_50>.
    Related source file is "/home/victor/Escritorio/Interfaz/Divisor_CLK_50.v".
    Found 1-bit register for signal <divcounter>.
    Found 1-bit adder for signal <divcounter[0]_PWR_2_o_add_0_OUT<0>> created at line 42.
    Summary:
	inferred   1 Adder/Subtractor(s).
	inferred   1 D-type flip-flop(s).
Unit <Divisor_Clk_50> synthesized.

Synthesizing Unit <Divisor_vga_Clk>.
    Related source file is "/home/victor/Escritorio/Interfaz/Divisor_vga_Clk.v".
    Found 1-bit register for signal <divcounter>.
    Found 1-bit adder for signal <divcounter[0]_PWR_4_o_add_0_OUT<0>> created at line 42.
    Summary:
	inferred   1 Adder/Subtractor(s).
	inferred   1 D-type flip-flop(s).
Unit <Divisor_vga_Clk> synthesized.

Synthesizing Unit <VGA>.
    Related source file is "/home/victor/Escritorio/Interfaz/VGA.v".
WARNING:Xst:2898 - Port 'reset', unconnected in block instance 'vsync_unit', is tied to GND.
INFO:Xst:3210 - "/home/victor/Escritorio/Interfaz/VGA.v" line 36: Output port <p_tick> of the instance <vsync_unit> is unconnected or connected to loadless signal.
    Found 9-bit register for signal <rgb_reg>.
    Found 1-bit register for signal <r1>.
    Found 9-bit 12-to-1 multiplexer for signal <_n3345> created at line 236.
    Found 9-bit 12-to-1 multiplexer for signal <_n3348> created at line 463.
    Found 9-bit 12-to-1 multiplexer for signal <GND_6_o_GND_6_o_mux_3106_OUT> created at line 552.
    Found 10-bit comparator lessequal for signal <n0000> created at line 42
    Found 10-bit comparator lessequal for signal <n0003> created at line 43
    Found 10-bit comparator lessequal for signal <n0007> created at line 44
    Found 10-bit comparator lessequal for signal <n0010> created at line 45
    Found 10-bit comparator lessequal for signal <n0012> created at line 45
    Found 10-bit comparator lessequal for signal <n0015> created at line 45
    Found 10-bit comparator greater for signal <n0022> created at line 50
    Found 11-bit comparator greater for signal <n0025> created at line 50
    Found 11-bit comparator greater for signal <n0029> created at line 51
    Found 11-bit comparator greater for signal <n0032> created at line 51
    Found 11-bit comparator greater for signal <n0036> created at line 51
    Found 11-bit comparator greater for signal <n0040> created at line 51
    Found 32-bit comparator greater for signal <n0045> created at line 52
    Found 11-bit comparator greater for signal <n0049> created at line 53
    Found 11-bit comparator greater for signal <n0053> created at line 53
    Found 32-bit comparator greater for signal <n0057> created at line 54
    Found 32-bit comparator greater for signal <n0060> created at line 54
    Found 11-bit comparator greater for signal <n0066> created at line 55
    Found 11-bit comparator greater for signal <n0069> created at line 55
    Found 32-bit comparator greater for signal <n0073> created at line 55
    Found 11-bit comparator greater for signal <n0077> created at line 55
    Found 11-bit comparator greater for signal <n0088> created at line 59
    Found 11-bit comparator greater for signal <n0092> created at line 60
    Found 11-bit comparator greater for signal <n0101> created at line 61
    Found 11-bit comparator greater for signal <n0105> created at line 61
    Found 11-bit comparator greater for signal <n0109> created at line 62
    Found 10-bit comparator greater for signal <n0117> created at line 63
    Found 11-bit comparator greater for signal <n0120> created at line 63
    Found 11-bit comparator greater for signal <n0128> created at line 63
    Found 32-bit comparator greater for signal <n0145> created at line 66
    Found 32-bit comparator greater for signal <n0148> created at line 66
    Found 11-bit comparator greater for signal <n0154> created at line 67
    Found 11-bit comparator greater for signal <n0157> created at line 67
    Found 11-bit comparator greater for signal <n0189> created at line 73
    Found 10-bit comparator greater for signal <n0204> created at line 75
    Found 11-bit comparator greater for signal <n0207> created at line 75
    Found 32-bit comparator greater for signal <n0232> created at line 78
    Found 32-bit comparator greater for signal <n0235> created at line 78
    Found 11-bit comparator greater for signal <n0241> created at line 79
    Found 11-bit comparator greater for signal <n0244> created at line 79
    Found 11-bit comparator greater for signal <n0272> created at line 85
    Found 11-bit comparator greater for signal <n0278> created at line 86
    Found 10-bit comparator greater for signal <n0295> created at line 88
    Found 11-bit comparator greater for signal <n0298> created at line 88
    Found 32-bit comparator greater for signal <n0322> created at line 91
    Found 32-bit comparator greater for signal <n0325> created at line 91
    Found 11-bit comparator greater for signal <n0331> created at line 92
    Found 11-bit comparator greater for signal <n0334> created at line 92
    Found 10-bit comparator lessequal for signal <n0363> created at line 97
    Found 11-bit comparator lessequal for signal <n0366> created at line 97
    Found 32-bit comparator greater for signal <n0391> created at line 100
    Found 32-bit comparator greater for signal <n0394> created at line 100
    Found 11-bit comparator greater for signal <n0400> created at line 101
    Found 11-bit comparator greater for signal <n0403> created at line 101
    Found 11-bit comparator greater for signal <n0428> created at line 106
    Found 11-bit comparator lessequal for signal <n0432> created at line 107
    Found 10-bit comparator greater for signal <n0435> created at line 107
    Found 11-bit comparator greater for signal <n0438> created at line 107
    Found 10-bit comparator greater for signal <n0441> created at line 108
    Found 11-bit comparator greater for signal <n0448> created at line 108
    Found 11-bit comparator greater for signal <n0452> created at line 108
    Found 32-bit comparator greater for signal <n0457> created at line 109
    Found 11-bit comparator greater for signal <n0461> created at line 110
    Found 11-bit comparator greater for signal <n0465> created at line 110
    Found 32-bit comparator greater for signal <n0485> created at line 112
    Found 11-bit comparator greater for signal <n0489> created at line 112
    Found 11-bit comparator greater for signal <n0502> created at line 116
    Found 11-bit comparator greater for signal <n0514> created at line 118
    Found 11-bit comparator greater for signal <n0518> created at line 118
    Found 11-bit comparator greater for signal <n0615> created at line 132
    Found 11-bit comparator lessequal for signal <n0742> created at line 149
    Found 11-bit comparator lessequal for signal <n0745> created at line 149
    Found 11-bit comparator greater for signal <n0803> created at line 157
    Found 10-bit comparator greater for signal <n0806> created at line 158
    Found 11-bit comparator greater for signal <n0809> created at line 158
    Found 11-bit comparator greater for signal <n0820> created at line 159
    Found 11-bit comparator greater for signal <n0824> created at line 159
    Found 32-bit comparator greater for signal <n0829> created at line 160
    Found 11-bit comparator greater for signal <n0833> created at line 161
    Found 11-bit comparator greater for signal <n0837> created at line 161
    Found 32-bit comparator greater for signal <n0857> created at line 163
    Found 11-bit comparator greater for signal <n0861> created at line 163
    Found 11-bit comparator greater for signal <n0884> created at line 170
    Found 11-bit comparator greater for signal <n0888> created at line 170
    Found 11-bit comparator greater for signal <n0917> created at line 173
    Found 11-bit comparator lessequal for signal <n1063> created at line 194
    Found 11-bit comparator greater for signal <n1070> created at line 195
    Found 11-bit comparator greater for signal <n1073> created at line 195
    Found 11-bit comparator lessequal for signal <n1078> created at line 195
    Found 11-bit comparator greater for signal <n1258> created at line 384
    Found 11-bit comparator greater for signal <n1268> created at line 386
    Found 11-bit comparator greater for signal <n1272> created at line 387
    Found 11-bit comparator greater for signal <n1276> created at line 387
    Found 10-bit comparator greater for signal <n1283> created at line 388
    Found 11-bit comparator greater for signal <n1286> created at line 388
    Found 11-bit comparator greater for signal <n1296> created at line 389
    Found 11-bit comparator greater for signal <n1300> created at line 389
    Found 11-bit comparator lessequal for signal <n1331> created at line 405
    Found 11-bit comparator lessequal for signal <n1341> created at line 410
    Found 11-bit comparator lessequal for signal <n1365> created at line 439
    Found 11-bit comparator lessequal for signal <n1423> created at line 536
    Found 11-bit comparator lessequal for signal <n1439> created at line 538
    Found 10-bit comparator lessequal for signal <n1448> created at line 539
    Found 11-bit comparator lessequal for signal <n1451> created at line 539
    WARNING:Xst:2404 -  FFs/Latches <ax<1:4>> (without init value) have a constant value of 0 in block <VGA>.
    WARNING:Xst:2404 -  FFs/Latches <ax<4:7>> (without init value) have a constant value of 1 in block <VGA>.
    WARNING:Xst:2404 -  FFs/Latches <ax<7:8>> (without init value) have a constant value of 0 in block <VGA>.
    WARNING:Xst:2404 -  FFs/Latches <ay<1:1>> (without init value) have a constant value of 0 in block <VGA>.
    WARNING:Xst:2404 -  FFs/Latches <ay<1:1>> (without init value) have a constant value of 1 in block <VGA>.
    WARNING:Xst:2404 -  FFs/Latches <ay<1:1>> (without init value) have a constant value of 0 in block <VGA>.
    WARNING:Xst:2404 -  FFs/Latches <ay<1:2>> (without init value) have a constant value of 1 in block <VGA>.
    WARNING:Xst:2404 -  FFs/Latches <ay<2:2>> (without init value) have a constant value of 0 in block <VGA>.
    WARNING:Xst:2404 -  FFs/Latches <ay<2:2>> (without init value) have a constant value of 1 in block <VGA>.
    WARNING:Xst:2404 -  FFs/Latches <ay<2:4>> (without init value) have a constant value of 0 in block <VGA>.
    WARNING:Xst:2404 -  FFs/Latches <bx<1:2>> (without init value) have a constant value of 0 in block <VGA>.
    WARNING:Xst:2404 -  FFs/Latches <bx<2:2>> (without init value) have a constant value of 1 in block <VGA>.
    WARNING:Xst:2404 -  FFs/Latches <bx<2:3>> (without init value) have a constant value of 0 in block <VGA>.
    WARNING:Xst:2404 -  FFs/Latches <bx<3:3>> (without init value) have a constant value of 1 in block <VGA>.
    WARNING:Xst:2404 -  FFs/Latches <bx<3:3>> (without init value) have a constant value of 0 in block <VGA>.
    WARNING:Xst:2404 -  FFs/Latches <bx<3:4>> (without init value) have a constant value of 1 in block <VGA>.
    WARNING:Xst:2404 -  FFs/Latches <bx<4:4>> (without init value) have a constant value of 0 in block <VGA>.
    WARNING:Xst:2404 -  FFs/Latches <by<9:9>> (without init value) have a constant value of 0 in block <VGA>.
    WARNING:Xst:2404 -  FFs/Latches <by<9:9>> (without init value) have a constant value of 1 in block <VGA>.
    WARNING:Xst:2404 -  FFs/Latches <by<9:9>> (without init value) have a constant value of 0 in block <VGA>.
    WARNING:Xst:2404 -  FFs/Latches <by<9:8>> (without init value) have a constant value of 1 in block <VGA>.
    WARNING:Xst:2404 -  FFs/Latches <by<8:8>> (without init value) have a constant value of 0 in block <VGA>.
    WARNING:Xst:2404 -  FFs/Latches <by<8:8>> (without init value) have a constant value of 1 in block <VGA>.
    WARNING:Xst:2404 -  FFs/Latches <by<8:6>> (without init value) have a constant value of 0 in block <VGA>.
    WARNING:Xst:2404 -  FFs/Latches <cx<1:2>> (without init value) have a constant value of 0 in block <VGA>.
    WARNING:Xst:2404 -  FFs/Latches <cx<2:5>> (without init value) have a constant value of 1 in block <VGA>.
    WARNING:Xst:2404 -  FFs/Latches <cx<5:8>> (without init value) have a constant value of 0 in block <VGA>.
    WARNING:Xst:2404 -  FFs/Latches <cy<9:9>> (without init value) have a constant value of 0 in block <VGA>.
    WARNING:Xst:2404 -  FFs/Latches <cy<9:9>> (without init value) have a constant value of 1 in block <VGA>.
    WARNING:Xst:2404 -  FFs/Latches <cy<9:9>> (without init value) have a constant value of 0 in block <VGA>.
    WARNING:Xst:2404 -  FFs/Latches <cy<9:8>> (without init value) have a constant value of 1 in block <VGA>.
    WARNING:Xst:2404 -  FFs/Latches <cy<8:8>> (without init value) have a constant value of 0 in block <VGA>.
    WARNING:Xst:2404 -  FFs/Latches <cy<8:8>> (without init value) have a constant value of 1 in block <VGA>.
    WARNING:Xst:2404 -  FFs/Latches <cy<8:6>> (without init value) have a constant value of 0 in block <VGA>.
    WARNING:Xst:2404 -  FFs/Latches <jx<1:1>> (without init value) have a constant value of 0 in block <VGA>.
    WARNING:Xst:2404 -  FFs/Latches <jx<1:1>> (without init value) have a constant value of 1 in block <VGA>.
    WARNING:Xst:2404 -  FFs/Latches <jx<1:1>> (without init value) have a constant value of 0 in block <VGA>.
    WARNING:Xst:2404 -  FFs/Latches <jx<1:1>> (without init value) have a constant value of 1 in block <VGA>.
    WARNING:Xst:2404 -  FFs/Latches <jx<1:2>> (without init value) have a constant value of 0 in block <VGA>.
    WARNING:Xst:2404 -  FFs/Latches <jx<2:2>> (without init value) have a constant value of 1 in block <VGA>.
    WARNING:Xst:2404 -  FFs/Latches <jx<2:2>> (without init value) have a constant value of 0 in block <VGA>.
    WARNING:Xst:2404 -  FFs/Latches <jx<2:2>> (without init value) have a constant value of 1 in block <VGA>.
    WARNING:Xst:2404 -  FFs/Latches <jx<2:2>> (without init value) have a constant value of 0 in block <VGA>.
    WARNING:Xst:2404 -  FFs/Latches <jy<9:9>> (without init value) have a constant value of 0 in block <VGA>.
    WARNING:Xst:2404 -  FFs/Latches <jy<9:9>> (without init value) have a constant value of 1 in block <VGA>.
    WARNING:Xst:2404 -  FFs/Latches <jy<9:9>> (without init value) have a constant value of 0 in block <VGA>.
    WARNING:Xst:2404 -  FFs/Latches <jy<9:8>> (without init value) have a constant value of 1 in block <VGA>.
    WARNING:Xst:2404 -  FFs/Latches <jy<8:8>> (without init value) have a constant value of 0 in block <VGA>.
    WARNING:Xst:2404 -  FFs/Latches <jy<8:8>> (without init value) have a constant value of 1 in block <VGA>.
    WARNING:Xst:2404 -  FFs/Latches <jy<8:6>> (without init value) have a constant value of 0 in block <VGA>.
    WARNING:Xst:2404 -  FFs/Latches <kx<1:1>> (without init value) have a constant value of 0 in block <VGA>.
    WARNING:Xst:2404 -  FFs/Latches <kx<1:2>> (without init value) have a constant value of 1 in block <VGA>.
    WARNING:Xst:2404 -  FFs/Latches <kx<2:2>> (without init value) have a constant value of 0 in block <VGA>.
    WARNING:Xst:2404 -  FFs/Latches <kx<2:2>> (without init value) have a constant value of 1 in block <VGA>.
    WARNING:Xst:2404 -  FFs/Latches <kx<2:3>> (without init value) have a constant value of 0 in block <VGA>.
    WARNING:Xst:2404 -  FFs/Latches <kx<3:3>> (without init value) have a constant value of 1 in block <VGA>.
    WARNING:Xst:2404 -  FFs/Latches <kx<3:4>> (without init value) have a constant value of 0 in block <VGA>.
    WARNING:Xst:2404 -  FFs/Latches <ky<9:9>> (without init value) have a constant value of 0 in block <VGA>.
    WARNING:Xst:2404 -  FFs/Latches <ky<9:9>> (without init value) have a constant value of 1 in block <VGA>.
    WARNING:Xst:2404 -  FFs/Latches <ky<9:9>> (without init value) have a constant value of 0 in block <VGA>.
    WARNING:Xst:2404 -  FFs/Latches <ky<9:8>> (without init value) have a constant value of 1 in block <VGA>.
    WARNING:Xst:2404 -  FFs/Latches <ky<8:8>> (without init value) have a constant value of 0 in block <VGA>.
    WARNING:Xst:2404 -  FFs/Latches <ky<8:8>> (without init value) have a constant value of 1 in block <VGA>.
    WARNING:Xst:2404 -  FFs/Latches <ky<8:6>> (without init value) have a constant value of 0 in block <VGA>.
    WARNING:Xst:2404 -  FFs/Latches <dx<9:6>> (without init value) have a constant value of 0 in block <VGA>.
    WARNING:Xst:2404 -  FFs/Latches <dx<6:3>> (without init value) have a constant value of 1 in block <VGA>.
    WARNING:Xst:2404 -  FFs/Latches <dx<3:2>> (without init value) have a constant value of 0 in block <VGA>.
    WARNING:Xst:2404 -  FFs/Latches <dy<1:1>> (without init value) have a constant value of 0 in block <VGA>.
    WARNING:Xst:2404 -  FFs/Latches <dy<1:1>> (without init value) have a constant value of 1 in block <VGA>.
    WARNING:Xst:2404 -  FFs/Latches <dy<1:5>> (without init value) have a constant value of 0 in block <VGA>.
    WARNING:Xst:2404 -  FFs/Latches <dy<5:5>> (without init value) have a constant value of 1 in block <VGA>.
    WARNING:Xst:2404 -  FFs/Latches <dy<5:6>> (without init value) have a constant value of 0 in block <VGA>.
    WARNING:Xst:2404 -  FFs/Latches <ex<9:8>> (without init value) have a constant value of 0 in block <VGA>.
    WARNING:Xst:2404 -  FFs/Latches <ex<8:8>> (without init value) have a constant value of 1 in block <VGA>.
    WARNING:Xst:2404 -  FFs/Latches <ex<8:7>> (without init value) have a constant value of 0 in block <VGA>.
    WARNING:Xst:2404 -  FFs/Latches <ex<7:7>> (without init value) have a constant value of 1 in block <VGA>.
    WARNING:Xst:2404 -  FFs/Latches <ex<7:7>> (without init value) have a constant value of 0 in block <VGA>.
    WARNING:Xst:2404 -  FFs/Latches <ex<7:6>> (without init value) have a constant value of 1 in block <VGA>.
    WARNING:Xst:2404 -  FFs/Latches <ex<6:6>> (without init value) have a constant value of 0 in block <VGA>.
    WARNING:Xst:2404 -  FFs/Latches <ey<9:9>> (without init value) have a constant value of 0 in block <VGA>.
    WARNING:Xst:2404 -  FFs/Latches <ey<9:9>> (without init value) have a constant value of 1 in block <VGA>.
    WARNING:Xst:2404 -  FFs/Latches <ey<9:5>> (without init value) have a constant value of 0 in block <VGA>.
    WARNING:Xst:2404 -  FFs/Latches <ey<5:5>> (without init value) have a constant value of 1 in block <VGA>.
    WARNING:Xst:2404 -  FFs/Latches <ey<5:4>> (without init value) have a constant value of 0 in block <VGA>.
    WARNING:Xst:2404 -  FFs/Latches <fx<9:8>> (without init value) have a constant value of 0 in block <VGA>.
    WARNING:Xst:2404 -  FFs/Latches <fx<8:5>> (without init value) have a constant value of 1 in block <VGA>.
    WARNING:Xst:2404 -  FFs/Latches <fx<5:2>> (without init value) have a constant value of 0 in block <VGA>.
    WARNING:Xst:2404 -  FFs/Latches <fy<9:9>> (without init value) have a constant value of 0 in block <VGA>.
    WARNING:Xst:2404 -  FFs/Latches <fy<9:9>> (without init value) have a constant value of 1 in block <VGA>.
    WARNING:Xst:2404 -  FFs/Latches <fy<9:5>> (without init value) have a constant value of 0 in block <VGA>.
    WARNING:Xst:2404 -  FFs/Latches <fy<5:5>> (without init value) have a constant value of 1 in block <VGA>.
    WARNING:Xst:2404 -  FFs/Latches <fy<5:4>> (without init value) have a constant value of 0 in block <VGA>.
    WARNING:Xst:2404 -  FFs/Latches <lx<9:9>> (without init value) have a constant value of 0 in block <VGA>.
    WARNING:Xst:2404 -  FFs/Latches <lx<9:9>> (without init value) have a constant value of 1 in block <VGA>.
    WARNING:Xst:2404 -  FFs/Latches <lx<9:9>> (without init value) have a constant value of 0 in block <VGA>.
    WARNING:Xst:2404 -  FFs/Latches <lx<9:9>> (without init value) have a constant value of 1 in block <VGA>.
    WARNING:Xst:2404 -  FFs/Latches <lx<9:8>> (without init value) have a constant value of 0 in block <VGA>.
    WARNING:Xst:2404 -  FFs/Latches <lx<8:8>> (without init value) have a constant value of 1 in block <VGA>.
    WARNING:Xst:2404 -  FFs/Latches <lx<8:8>> (without init value) have a constant value of 0 in block <VGA>.
    WARNING:Xst:2404 -  FFs/Latches <lx<8:8>> (without init value) have a constant value of 1 in block <VGA>.
    WARNING:Xst:2404 -  FFs/Latches <lx<8:8>> (without init value) have a constant value of 0 in block <VGA>.
    WARNING:Xst:2404 -  FFs/Latches <ly<9:9>> (without init value) have a constant value of 0 in block <VGA>.
    WARNING:Xst:2404 -  FFs/Latches <ly<9:9>> (without init value) have a constant value of 1 in block <VGA>.
    WARNING:Xst:2404 -  FFs/Latches <ly<9:5>> (without init value) have a constant value of 0 in block <VGA>.
    WARNING:Xst:2404 -  FFs/Latches <ly<5:5>> (without init value) have a constant value of 1 in block <VGA>.
    WARNING:Xst:2404 -  FFs/Latches <ly<5:4>> (without init value) have a constant value of 0 in block <VGA>.
    WARNING:Xst:2404 -  FFs/Latches <sx<9:9>> (without init value) have a constant value of 0 in block <VGA>.
    WARNING:Xst:2404 -  FFs/Latches <sx<9:8>> (without init value) have a constant value of 1 in block <VGA>.
    WARNING:Xst:2404 -  FFs/Latches <sx<8:8>> (without init value) have a constant value of 0 in block <VGA>.
    WARNING:Xst:2404 -  FFs/Latches <sx<8:8>> (without init value) have a constant value of 1 in block <VGA>.
    WARNING:Xst:2404 -  FFs/Latches <sx<8:7>> (without init value) have a constant value of 0 in block <VGA>.
    WARNING:Xst:2404 -  FFs/Latches <sx<7:7>> (without init value) have a constant value of 1 in block <VGA>.
    WARNING:Xst:2404 -  FFs/Latches <sx<7:6>> (without init value) have a constant value of 0 in block <VGA>.
    WARNING:Xst:2404 -  FFs/Latches <sy<9:9>> (without init value) have a constant value of 0 in block <VGA>.
    WARNING:Xst:2404 -  FFs/Latches <sy<9:9>> (without init value) have a constant value of 1 in block <VGA>.
    WARNING:Xst:2404 -  FFs/Latches <sy<9:5>> (without init value) have a constant value of 0 in block <VGA>.
    WARNING:Xst:2404 -  FFs/Latches <sy<5:5>> (without init value) have a constant value of 1 in block <VGA>.
    WARNING:Xst:2404 -  FFs/Latches <sy<5:4>> (without init value) have a constant value of 0 in block <VGA>.
    WARNING:Xst:2404 -  FFs/Latches <gx<9:6>> (without init value) have a constant value of 0 in block <VGA>.
    WARNING:Xst:2404 -  FFs/Latches <gx<6:3>> (without init value) have a constant value of 1 in block <VGA>.
    WARNING:Xst:2404 -  FFs/Latches <gx<3:2>> (without init value) have a constant value of 0 in block <VGA>.
    WARNING:Xst:2404 -  FFs/Latches <gy<1:2>> (without init value) have a constant value of 0 in block <VGA>.
    WARNING:Xst:2404 -  FFs/Latches <gy<2:2>> (without init value) have a constant value of 1 in block <VGA>.
    WARNING:Xst:2404 -  FFs/Latches <gy<2:2>> (without init value) have a constant value of 0 in block <VGA>.
    WARNING:Xst:2404 -  FFs/Latches <gy<2:2>> (without init value) have a constant value of 1 in block <VGA>.
    WARNING:Xst:2404 -  FFs/Latches <gy<2:6>> (without init value) have a constant value of 0 in block <VGA>.
    WARNING:Xst:2404 -  FFs/Latches <hx<9:8>> (without init value) have a constant value of 0 in block <VGA>.
    WARNING:Xst:2404 -  FFs/Latches <hx<8:8>> (without init value) have a constant value of 1 in block <VGA>.
    WARNING:Xst:2404 -  FFs/Latches <hx<8:7>> (without init value) have a constant value of 0 in block <VGA>.
    WARNING:Xst:2404 -  FFs/Latches <hx<7:7>> (without init value) have a constant value of 1 in block <VGA>.
    WARNING:Xst:2404 -  FFs/Latches <hx<7:7>> (without init value) have a constant value of 0 in block <VGA>.
    WARNING:Xst:2404 -  FFs/Latches <hx<7:6>> (without init value) have a constant value of 1 in block <VGA>.
    WARNING:Xst:2404 -  FFs/Latches <hx<6:6>> (without init value) have a constant value of 0 in block <VGA>.
    WARNING:Xst:2404 -  FFs/Latches <hy<9:8>> (without init value) have a constant value of 0 in block <VGA>.
    WARNING:Xst:2404 -  FFs/Latches <hy<8:8>> (without init value) have a constant value of 1 in block <VGA>.
    WARNING:Xst:2404 -  FFs/Latches <hy<8:8>> (without init value) have a constant value of 0 in block <VGA>.
    WARNING:Xst:2404 -  FFs/Latches <hy<8:8>> (without init value) have a constant value of 1 in block <VGA>.
    WARNING:Xst:2404 -  FFs/Latches <hy<8:4>> (without init value) have a constant value of 0 in block <VGA>.
    WARNING:Xst:2404 -  FFs/Latches <ix<9:8>> (without init value) have a constant value of 0 in block <VGA>.
    WARNING:Xst:2404 -  FFs/Latches <ix<8:5>> (without init value) have a constant value of 1 in block <VGA>.
    WARNING:Xst:2404 -  FFs/Latches <ix<5:2>> (without init value) have a constant value of 0 in block <VGA>.
    WARNING:Xst:2404 -  FFs/Latches <iy<9:8>> (without init value) have a constant value of 0 in block <VGA>.
    WARNING:Xst:2404 -  FFs/Latches <iy<8:8>> (without init value) have a constant value of 1 in block <VGA>.
    WARNING:Xst:2404 -  FFs/Latches <iy<8:8>> (without init value) have a constant value of 0 in block <VGA>.
    WARNING:Xst:2404 -  FFs/Latches <iy<8:8>> (without init value) have a constant value of 1 in block <VGA>.
    WARNING:Xst:2404 -  FFs/Latches <iy<8:4>> (without init value) have a constant value of 0 in block <VGA>.
    WARNING:Xst:2404 -  FFs/Latches <mx<9:9>> (without init value) have a constant value of 0 in block <VGA>.
    WARNING:Xst:2404 -  FFs/Latches <mx<9:9>> (without init value) have a constant value of 1 in block <VGA>.
    WARNING:Xst:2404 -  FFs/Latches <mx<9:9>> (without init value) have a constant value of 0 in block <VGA>.
    WARNING:Xst:2404 -  FFs/Latches <mx<9:9>> (without init value) have a constant value of 1 in block <VGA>.
    WARNING:Xst:2404 -  FFs/Latches <mx<9:8>> (without init value) have a constant value of 0 in block <VGA>.
    WARNING:Xst:2404 -  FFs/Latches <mx<8:8>> (without init value) have a constant value of 1 in block <VGA>.
    WARNING:Xst:2404 -  FFs/Latches <mx<8:8>> (without init value) have a constant value of 0 in block <VGA>.
    WARNING:Xst:2404 -  FFs/Latches <mx<8:8>> (without init value) have a constant value of 1 in block <VGA>.
    WARNING:Xst:2404 -  FFs/Latches <mx<8:8>> (without init value) have a constant value of 0 in block <VGA>.
    WARNING:Xst:2404 -  FFs/Latches <my<9:8>> (without init value) have a constant value of 0 in block <VGA>.
    WARNING:Xst:2404 -  FFs/Latches <my<8:8>> (without init value) have a constant value of 1 in block <VGA>.
    WARNING:Xst:2404 -  FFs/Latches <my<8:8>> (without init value) have a constant value of 0 in block <VGA>.
    WARNING:Xst:2404 -  FFs/Latches <my<8:8>> (without init value) have a constant value of 1 in block <VGA>.
    WARNING:Xst:2404 -  FFs/Latches <my<8:4>> (without init value) have a constant value of 0 in block <VGA>.
    WARNING:Xst:2404 -  FFs/Latches <nx<9:9>> (without init value) have a constant value of 0 in block <VGA>.
    WARNING:Xst:2404 -  FFs/Latches <nx<9:9>> (without init value) have a constant value of 1 in block <VGA>.
    WARNING:Xst:2404 -  FFs/Latches <nx<9:9>> (without init value) have a constant value of 0 in block <VGA>.
    WARNING:Xst:2404 -  FFs/Latches <nx<9:9>> (without init value) have a constant value of 1 in block <VGA>.
    WARNING:Xst:2404 -  FFs/Latches <nx<9:8>> (without init value) have a constant value of 0 in block <VGA>.
    WARNING:Xst:2404 -  FFs/Latches <nx<8:8>> (without init value) have a constant value of 1 in block <VGA>.
    WARNING:Xst:2404 -  FFs/Latches <nx<8:8>> (without init value) have a constant value of 0 in block <VGA>.
    WARNING:Xst:2404 -  FFs/Latches <nx<8:8>> (without init value) have a constant value of 1 in block <VGA>.
    WARNING:Xst:2404 -  FFs/Latches <nx<8:8>> (without init value) have a constant value of 0 in block <VGA>.
    WARNING:Xst:2404 -  FFs/Latches <ny<1:3>> (without init value) have a constant value of 0 in block <VGA>.
    WARNING:Xst:2404 -  FFs/Latches <ny<3:3>> (without init value) have a constant value of 1 in block <VGA>.
    WARNING:Xst:2404 -  FFs/Latches <ny<3:5>> (without init value) have a constant value of 0 in block <VGA>.
    WARNING:Xst:2404 -  FFs/Latches <ny<5:6>> (without init value) have a constant value of 1 in block <VGA>.
    WARNING:Xst:2404 -  FFs/Latches <ny<6:6>> (without init value) have a constant value of 0 in block <VGA>.
    WARNING:Xst:2404 -  FFs/Latches <tx<1:1>> (without init value) have a constant value of 0 in block <VGA>.
    WARNING:Xst:2404 -  FFs/Latches <tx<1:1>> (without init value) have a constant value of 1 in block <VGA>.
    WARNING:Xst:2404 -  FFs/Latches <tx<1:2>> (without init value) have a constant value of 0 in block <VGA>.
    WARNING:Xst:2404 -  FFs/Latches <tx<2:2>> (without init value) have a constant value of 1 in block <VGA>.
    WARNING:Xst:2404 -  FFs/Latches <tx<2:4>> (without init value) have a constant value of 0 in block <VGA>.
    WARNING:Xst:2404 -  FFs/Latches <tx<4:4>> (without init value) have a constant value of 1 in block <VGA>.
    WARNING:Xst:2404 -  FFs/Latches <tx<4:4>> (without init value) have a constant value of 0 in block <VGA>.
    WARNING:Xst:2404 -  FFs/Latches <ty<9:7>> (without init value) have a constant value of 0 in block <VGA>.
    WARNING:Xst:2404 -  FFs/Latches <ty<7:7>> (without init value) have a constant value of 1 in block <VGA>.
    WARNING:Xst:2404 -  FFs/Latches <ty<7:5>> (without init value) have a constant value of 0 in block <VGA>.
    WARNING:Xst:2404 -  FFs/Latches <ty<5:4>> (without init value) have a constant value of 1 in block <VGA>.
    WARNING:Xst:2404 -  FFs/Latches <ty<4:4>> (without init value) have a constant value of 0 in block <VGA>.
    Summary:
	inferred  10 D-type flip-flop(s).
	inferred 104 Comparator(s).
	inferred 325 Multiplexer(s).
Unit <VGA> synthesized.

Synthesizing Unit <vga_sync>.
    Related source file is "/home/victor/Escritorio/Interfaz/vga_sync.v".
    Found 10-bit register for signal <v_count_reg>.
    Found 10-bit register for signal <h_count_reg>.
    Found 1-bit register for signal <v_sync_reg>.
    Found 1-bit register for signal <h_sync_reg>.
    Found 1-bit register for signal <mod2_reg>.
    Found 10-bit adder for signal <h_count_reg[9]_GND_7_o_add_4_OUT> created at line 70.
    Found 10-bit adder for signal <v_count_reg[9]_GND_7_o_add_7_OUT> created at line 83.
    Found 10-bit comparator lessequal for signal <n0015> created at line 89
    Found 10-bit comparator lessequal for signal <n0017> created at line 89
    Found 10-bit comparator lessequal for signal <n0020> created at line 91
    Found 10-bit comparator lessequal for signal <n0022> created at line 91
    Found 10-bit comparator greater for signal <h_count_reg[9]_PWR_7_o_LessThan_15_o> created at line 93
    Found 10-bit comparator greater for signal <v_count_reg[9]_GND_7_o_LessThan_16_o> created at line 93
    Summary:
	inferred   2 Adder/Subtractor(s).
	inferred  23 D-type flip-flop(s).
	inferred   6 Comparator(s).
Unit <vga_sync> synthesized.

Synthesizing Unit <div_9u_4u>.
    Related source file is "".
    Found 12-bit adder for signal <GND_8_o_b[3]_add_3_OUT> created at line 0.
    Found 11-bit adder for signal <GND_8_o_b[3]_add_5_OUT> created at line 0.
    Found 10-bit adder for signal <GND_8_o_b[3]_add_7_OUT> created at line 0.
    Found 9-bit adder for signal <a[8]_b[3]_add_9_OUT> created at line 0.
    Found 9-bit adder for signal <a[8]_GND_8_o_add_11_OUT> created at line 0.
    Found 9-bit adder for signal <a[8]_GND_8_o_add_13_OUT[8:0]> created at line 0.
    Found 9-bit adder for signal <a[8]_GND_8_o_add_15_OUT[8:0]> created at line 0.
    Found 9-bit adder for signal <a[8]_GND_8_o_add_17_OUT[8:0]> created at line 0.
    Found 12-bit comparator lessequal for signal <BUS_0002> created at line 0
    Found 11-bit comparator lessequal for signal <BUS_0003> created at line 0
    Found 10-bit comparator lessequal for signal <BUS_0004> created at line 0
    Found 9-bit comparator lessequal for signal <BUS_0005> created at line 0
    Found 9-bit comparator lessequal for signal <BUS_0006> created at line 0
    Found 9-bit comparator lessequal for signal <BUS_0007> created at line 0
    Found 9-bit comparator lessequal for signal <BUS_0008> created at line 0
    Found 9-bit comparator lessequal for signal <BUS_0009> created at line 0
    Found 9-bit comparator lessequal for signal <BUS_0010> created at line 0
    Summary:
	inferred   8 Adder/Subtractor(s).
	inferred   9 Comparator(s).
	inferred  48 Multiplexer(s).
Unit <div_9u_4u> synthesized.

Synthesizing Unit <mod_9u_4u>.
    Related source file is "".
    Found 12-bit adder for signal <GND_9_o_b[3]_add_3_OUT> created at line 0.
    Found 11-bit adder for signal <GND_9_o_b[3]_add_5_OUT> created at line 0.
    Found 10-bit adder for signal <GND_9_o_b[3]_add_7_OUT> created at line 0.
    Found 9-bit adder for signal <a[8]_b[3]_add_9_OUT> created at line 0.
    Found 9-bit adder for signal <a[8]_GND_9_o_add_11_OUT> created at line 0.
    Found 9-bit adder for signal <a[8]_GND_9_o_add_13_OUT> created at line 0.
    Found 9-bit adder for signal <a[8]_GND_9_o_add_15_OUT> created at line 0.
    Found 9-bit adder for signal <a[8]_GND_9_o_add_17_OUT> created at line 0.
    Found 9-bit adder for signal <a[8]_GND_9_o_add_19_OUT> created at line 0.
    Found 12-bit comparator lessequal for signal <BUS_0002> created at line 0
    Found 11-bit comparator lessequal for signal <BUS_0003> created at line 0
    Found 10-bit comparator lessequal for signal <BUS_0004> created at line 0
    Found 9-bit comparator lessequal for signal <BUS_0005> created at line 0
    Found 9-bit comparator lessequal for signal <BUS_0006> created at line 0
    Found 9-bit comparator lessequal for signal <BUS_0007> created at line 0
    Found 9-bit comparator lessequal for signal <BUS_0008> created at line 0
    Found 9-bit comparator lessequal for signal <BUS_0009> created at line 0
    Found 9-bit comparator lessequal for signal <BUS_0010> created at line 0
    Summary:
	inferred   9 Adder/Subtractor(s).
	inferred   9 Comparator(s).
	inferred  73 Multiplexer(s).
Unit <mod_9u_4u> synthesized.

Synthesizing Unit <KeyboarController>.
    Related source file is "/home/victor/Escritorio/Interfaz/remote_sources/_/_/Keyboard/KeyboarController.v".
INFO:Xst:3210 - "/home/victor/Escritorio/Interfaz/remote_sources/_/_/Keyboard/KeyboarController.v" line 47: Output port <command_was_sent> of the instance <PS2_Keyboard_Controller> is unconnected or connected to loadless signal.
INFO:Xst:3210 - "/home/victor/Escritorio/Interfaz/remote_sources/_/_/Keyboard/KeyboarController.v" line 47: Output port <error_communication_timed_out> of the instance <PS2_Keyboard_Controller> is unconnected or connected to loadless signal.
INFO:Xst:3210 - "/home/victor/Escritorio/Interfaz/remote_sources/_/_/Keyboard/KeyboarController.v" line 47: Output port <received_data_en> of the instance <PS2_Keyboard_Controller> is unconnected or connected to loadless signal.
    Found 14-bit register for signal <LED>.
    Found 8-bit register for signal <previous_word>.
    Summary:
	inferred  22 D-type flip-flop(s).
	inferred  15 Multiplexer(s).
Unit <KeyboarController> synthesized.

Synthesizing Unit <PS2_Controller>.
    Related source file is "/home/victor/Escritorio/Interfaz/remote_sources/_/_/Keyboard/PS2_Controller.v".
        INITIALIZE_MOUSE = 0
    Found 1-bit register for signal <last_ps2_clk>.
    Found 1-bit register for signal <ps2_clk_reg>.
    Found 1-bit register for signal <ps2_data_reg>.
    Found 3-bit register for signal <s_ps2_transceiver>.
INFO:Xst:1799 - State 010 is never reached in FSM <s_ps2_transceiver>.
INFO:Xst:1799 - State 011 is never reached in FSM <s_ps2_transceiver>.
INFO:Xst:1799 - State 100 is never reached in FSM <s_ps2_transceiver>.
    Found finite state machine <FSM_0> for signal <s_ps2_transceiver>.
    -----------------------------------------------------------------------
    | States             | 5                                              |
    | Transitions        | 6                                              |
    | Inputs             | 5                                              |
    | Outputs            | 1                                              |
    | Clock              | CLOCK_50 (rising_edge)                         |
    | Reset              | reset (positive)                               |
    | Reset type         | synchronous                                    |
    | Reset State        | 000                                            |
    | Encoding           | auto                                           |
    | Implementation     | LUT                                            |
    -----------------------------------------------------------------------
    Summary:
	inferred   3 D-type flip-flop(s).
	inferred   1 Finite State Machine(s).
Unit <PS2_Controller> synthesized.

Synthesizing Unit <Altera_UP_PS2_Data_In>.
    Related source file is "/home/victor/Escritorio/Interfaz/remote_sources/_/_/Keyboard/Altera_UP_PS2_Data_In.v".
WARNING:Xst:647 - Input <ps2_clk_negedge> is never used. This port will be preserved and left unconnected if it belongs to a top-level block or it belongs to a sub-block and the hierarchy of this sub-block is preserved.
    Found 4-bit register for signal <data_count>.
    Found 8-bit register for signal <data_shift_reg>.
    Found 8-bit register for signal <received_data>.
    Found 1-bit register for signal <received_data_en>.
    Found 3-bit register for signal <s_ps2_receiver>.
    Found finite state machine <FSM_1> for signal <s_ps2_receiver>.
    -----------------------------------------------------------------------
    | States             | 5                                              |
    | Transitions        | 16                                             |
    | Inputs             | 6                                              |
    | Outputs            | 2                                              |
    | Clock              | clk (rising_edge)                              |
    | Reset              | reset (positive)                               |
    | Reset type         | synchronous                                    |
    | Reset State        | 000                                            |
    | Encoding           | auto                                           |
    | Implementation     | LUT                                            |
    -----------------------------------------------------------------------
    Found 4-bit adder for signal <data_count[3]_GND_12_o_add_27_OUT> created at line 153.
    Summary:
	inferred   1 Adder/Subtractor(s).
	inferred  21 D-type flip-flop(s).
	inferred   1 Multiplexer(s).
	inferred   1 Finite State Machine(s).
Unit <Altera_UP_PS2_Data_In> synthesized.

Synthesizing Unit <Altera_UP_PS2_Command_Out>.
    Related source file is "/home/victor/Escritorio/Interfaz/remote_sources/_/_/Keyboard/Altera_UP_PS2_Command_Out.v".
        CLOCK_CYCLES_FOR_101US = 5050
        NUMBER_OF_BITS_FOR_101US = 13
        COUNTER_INCREMENT_FOR_101US = 13'b0000000000001
        CLOCK_CYCLES_FOR_15MS = 750000
        NUMBER_OF_BITS_FOR_15MS = 20
        COUNTER_INCREMENT_FOR_15MS = 20'b00000000000000000001
        CLOCK_CYCLES_FOR_2MS = 100000
        NUMBER_OF_BITS_FOR_2MS = 17
        COUNTER_INCREMENT_FOR_2MS = 17'b00000000000000001
        PS2_STATE_0_IDLE = 3'b000
        PS2_STATE_1_INITIATE_COMMUNICATION = 3'b001
        PS2_STATE_2_WAIT_FOR_CLOCK = 3'b010
        PS2_STATE_3_TRANSMIT_DATA = 3'b011
        PS2_STATE_4_TRANSMIT_STOP_BIT = 3'b100
        PS2_STATE_5_RECEIVE_ACK_BIT = 3'b101
        PS2_STATE_6_COMMAND_WAS_SENT = 3'b110
        PS2_STATE_7_TRANSMISSION_ERROR = 3'b111
    Found 9-bit register for signal <ps2_command>.
    Found 13-bit register for signal <command_initiate_counter>.
    Found 20-bit register for signal <waiting_counter>.
    Found 17-bit register for signal <transfer_counter>.
    Found 4-bit register for signal <cur_bit>.
    Found 1-bit register for signal <command_was_sent>.
    Found 1-bit register for signal <error_communication_timed_out>.
    Found 3-bit register for signal <s_ps2_transmitter>.
    Found finite state machine <FSM_2> for signal <s_ps2_transmitter>.
    -----------------------------------------------------------------------
    | States             | 8                                              |
    | Transitions        | 22                                             |
    | Inputs             | 7                                              |
    | Outputs            | 8                                              |
    | Clock              | clk (rising_edge)                              |
    | Reset              | reset (positive)                               |
    | Reset type         | synchronous                                    |
    | Reset State        | 000                                            |
    | Encoding           | auto                                           |
    | Implementation     | LUT                                            |
    -----------------------------------------------------------------------
    Found 13-bit adder for signal <command_initiate_counter[13]_GND_13_o_add_41_OUT> created at line 215.
    Found 20-bit adder for signal <waiting_counter[20]_GND_13_o_add_51_OUT> created at line 226.
    Found 17-bit adder for signal <transfer_counter[17]_GND_13_o_add_63_OUT> created at line 242.
    Found 4-bit adder for signal <cur_bit[3]_GND_13_o_add_72_OUT> created at line 255.
    Found 1-bit 9-to-1 multiplexer for signal <cur_bit[3]_X_11_o_Mux_88_o> created at line 290.
    Found 1-bit tristate buffer for signal <PS2_CLK> created at line 284
    Found 1-bit tristate buffer for signal <PS2_DAT> created at line 289
    Summary:
	inferred   4 Adder/Subtractor(s).
	inferred  65 D-type flip-flop(s).
	inferred   6 Multiplexer(s).
	inferred   2 Tristate(s).
	inferred   1 Finite State Machine(s).
Unit <Altera_UP_PS2_Command_Out> synthesized.

=========================================================================
HDL Synthesis Report

Macro Statistics
# Adders/Subtractors                                   : 26
 1-bit adder                                           : 2
 10-bit adder                                          : 4
 11-bit adder                                          : 2
 12-bit adder                                          : 2
 13-bit adder                                          : 1
 17-bit adder                                          : 1
 20-bit adder                                          : 1
 4-bit adder                                           : 2
 9-bit adder                                           : 11
# Registers                                            : 25
 1-bit register                                        : 12
 10-bit register                                       : 2
 13-bit register                                       : 1
 14-bit register                                       : 1
 17-bit register                                       : 1
 20-bit register                                       : 1
 4-bit register                                        : 2
 8-bit register                                        : 3
 9-bit register                                        : 2
# Comparators                                          : 128
 10-bit comparator greater                             : 10
 10-bit comparator lessequal                           : 14
 11-bit comparator greater                             : 60
 11-bit comparator lessequal                           : 14
 12-bit comparator lessequal                           : 2
 32-bit comparator greater                             : 16
 9-bit comparator lessequal                            : 12
# Multiplexers                                         : 468
 1-bit 2-to-1 multiplexer                              : 120
 1-bit 9-to-1 multiplexer                              : 1
 13-bit 2-to-1 multiplexer                             : 1
 14-bit 2-to-1 multiplexer                             : 15
 17-bit 2-to-1 multiplexer                             : 1
 20-bit 2-to-1 multiplexer                             : 1
 4-bit 2-to-1 multiplexer                              : 3
 9-bit 12-to-1 multiplexer                             : 3
 9-bit 2-to-1 multiplexer                              : 323
# Tristates                                            : 2
 1-bit tristate buffer                                 : 2
# FSMs                                                 : 3
# Xors                                                 : 1
 1-bit xor8                                            : 1

=========================================================================

=========================================================================
*                       Advanced HDL Synthesis                          *
=========================================================================


Synthesizing (advanced) Unit <Altera_UP_PS2_Command_Out>.
The following registers are absorbed into counter <cur_bit>: 1 register on signal <cur_bit>.
The following registers are absorbed into counter <command_initiate_counter>: 1 register on signal <command_initiate_counter>.
The following registers are absorbed into counter <waiting_counter>: 1 register on signal <waiting_counter>.
The following registers are absorbed into counter <transfer_counter>: 1 register on signal <transfer_counter>.
Unit <Altera_UP_PS2_Command_Out> synthesized (advanced).

Synthesizing (advanced) Unit <Altera_UP_PS2_Data_In>.
The following registers are absorbed into counter <data_count>: 1 register on signal <data_count>.
Unit <Altera_UP_PS2_Data_In> synthesized (advanced).

Synthesizing (advanced) Unit <Divisor_Clk_50>.
The following registers are absorbed into counter <divcounter_0>: 1 register on signal <divcounter_0>.
Unit <Divisor_Clk_50> synthesized (advanced).

Synthesizing (advanced) Unit <Divisor_vga_Clk>.
The following registers are absorbed into counter <divcounter_0>: 1 register on signal <divcounter_0>.
Unit <Divisor_vga_Clk> synthesized (advanced).

Synthesizing (advanced) Unit <vga_sync>.
The following registers are absorbed into counter <v_count_reg>: 1 register on signal <v_count_reg>.
The following registers are absorbed into counter <h_count_reg>: 1 register on signal <h_count_reg>.
Unit <vga_sync> synthesized (advanced).

=========================================================================
Advanced HDL Synthesis Report

Macro Statistics
# Adders/Subtractors                                   : 17
 4-bit adder                                           : 1
 9-bit adder                                           : 16
# Counters                                             : 9
 1-bit up counter                                      : 2
 10-bit up counter                                     : 2
 13-bit up counter                                     : 1
 17-bit up counter                                     : 1
 20-bit up counter                                     : 1
 4-bit up counter                                      : 2
# Registers                                            : 66
 Flip-Flops                                            : 66
# Comparators                                          : 128
 10-bit comparator greater                             : 10
 10-bit comparator lessequal                           : 14
 11-bit comparator greater                             : 60
 11-bit comparator lessequal                           : 14
 12-bit comparator lessequal                           : 2
 32-bit comparator greater                             : 16
 9-bit comparator lessequal                            : 12
# Multiplexers                                         : 463
 1-bit 2-to-1 multiplexer                              : 120
 1-bit 9-to-1 multiplexer                              : 1
 14-bit 2-to-1 multiplexer                             : 15
 4-bit 2-to-1 multiplexer                              : 1
 9-bit 12-to-1 multiplexer                             : 3
 9-bit 2-to-1 multiplexer                              : 323
# FSMs                                                 : 3
# Xors                                                 : 1
 1-bit xor8                                            : 1

=========================================================================

=========================================================================
*                         Low Level Synthesis                           *
=========================================================================
INFO:Xst:2261 - The FF/Latch <ps2_command_0> in Unit <Altera_UP_PS2_Command_Out> is equivalent to the following 7 FFs/Latches, which will be removed : <ps2_command_1> <ps2_command_2> <ps2_command_3> <ps2_command_4> <ps2_command_5> <ps2_command_6> <ps2_command_7> 
INFO:Xst:2146 - In block <Main>, Counter <keyclk/divcounter_0> <vgaClk/divcounter_0> are equivalent, XST will keep only <keyclk/divcounter_0>.
Analyzing FSM <MFsm> for best encoding.
Optimizing FSM <kb/PS2_Keyboard_Controller/FSM_0> on signal <s_ps2_transceiver[1:1]> with sequential encoding.
-------------------
 State | Encoding
-------------------
 000   | 0
 001   | 1
 010   | unreached
 011   | unreached
 100   | unreached
-------------------
Analyzing FSM <MFsm> for best encoding.
Optimizing FSM <kb/PS2_Keyboard_Controller/PS2_Data_In/FSM_1> on signal <s_ps2_receiver[1:3]> with user encoding.
-------------------
 State | Encoding
-------------------
 000   | 000
 010   | 010
 001   | 001
 011   | 011
 100   | 100
-------------------
Analyzing FSM <MFsm> for best encoding.
Optimizing FSM <kb/PS2_Keyboard_Controller/PS2_Command_Out/FSM_2> on signal <s_ps2_transmitter[1:8]> with one-hot encoding.
-------------------
 State | Encoding
-------------------
 000   | 00000001
 001   | 00000010
 010   | 00000100
 111   | 00001000
 011   | 00010000
 100   | 00100000
 101   | 01000000
 110   | 10000000
-------------------
WARNING:Xst:1710 - FF/Latch <s_ps2_transmitter_FSM_FFd8> (without init value) has a constant value of 1 in block <Altera_UP_PS2_Command_Out>. This FF/Latch will be trimmed during the optimization process.
WARNING:Xst:1895 - Due to other FF/Latch trimming, FF/Latch <s_ps2_transmitter_FSM_FFd7> (without init value) has a constant value of 0 in block <Altera_UP_PS2_Command_Out>. This FF/Latch will be trimmed during the optimization process.
WARNING:Xst:1895 - Due to other FF/Latch trimming, FF/Latch <s_ps2_transmitter_FSM_FFd6> (without init value) has a constant value of 0 in block <Altera_UP_PS2_Command_Out>. This FF/Latch will be trimmed during the optimization process.
WARNING:Xst:1895 - Due to other FF/Latch trimming, FF/Latch <s_ps2_transmitter_FSM_FFd4> (without init value) has a constant value of 0 in block <Altera_UP_PS2_Command_Out>. This FF/Latch will be trimmed during the optimization process.
WARNING:Xst:1898 - Due to constant pushing, FF/Latch <ps2_command_8> is unconnected in block <Altera_UP_PS2_Command_Out>.
WARNING:Xst:1898 - Due to constant pushing, FF/Latch <ps2_command_0> is unconnected in block <Altera_UP_PS2_Command_Out>.
WARNING:Xst:1710 - FF/Latch <s_ps2_transmitter_FSM_FFd5> (without init value) has a constant value of 0 in block <Altera_UP_PS2_Command_Out>. This FF/Latch will be trimmed during the optimization process.
WARNING:Xst:1895 - Due to other FF/Latch trimming, FF/Latch <s_ps2_transmitter_FSM_FFd3> (without init value) has a constant value of 0 in block <Altera_UP_PS2_Command_Out>. This FF/Latch will be trimmed during the optimization process.
WARNING:Xst:1895 - Due to other FF/Latch trimming, FF/Latch <s_ps2_transmitter_FSM_FFd2> (without init value) has a constant value of 0 in block <Altera_UP_PS2_Command_Out>. This FF/Latch will be trimmed during the optimization process.
WARNING:Xst:1895 - Due to other FF/Latch trimming, FF/Latch <cur_bit_3> (without init value) has a constant value of 0 in block <Altera_UP_PS2_Command_Out>. This FF/Latch will be trimmed during the optimization process.
WARNING:Xst:1895 - Due to other FF/Latch trimming, FF/Latch <error_communication_timed_out> (without init value) has a constant value of 0 in block <Altera_UP_PS2_Command_Out>. This FF/Latch will be trimmed during the optimization process.
WARNING:Xst:1895 - Due to other FF/Latch trimming, FF/Latch <s_ps2_transmitter_FSM_FFd1> (without init value) has a constant value of 0 in block <Altera_UP_PS2_Command_Out>. This FF/Latch will be trimmed during the optimization process.
WARNING:Xst:1895 - Due to other FF/Latch trimming, FF/Latch <command_was_sent> (without init value) has a constant value of 0 in block <Altera_UP_PS2_Command_Out>. This FF/Latch will be trimmed during the optimization process.
WARNING:Xst:2677 - Node <command_initiate_counter_1> of sequential type is unconnected in block <Altera_UP_PS2_Command_Out>.
WARNING:Xst:2677 - Node <command_initiate_counter_2> of sequential type is unconnected in block <Altera_UP_PS2_Command_Out>.
WARNING:Xst:2677 - Node <command_initiate_counter_3> of sequential type is unconnected in block <Altera_UP_PS2_Command_Out>.
WARNING:Xst:2677 - Node <command_initiate_counter_4> of sequential type is unconnected in block <Altera_UP_PS2_Command_Out>.
WARNING:Xst:2677 - Node <command_initiate_counter_5> of sequential type is unconnected in block <Altera_UP_PS2_Command_Out>.
WARNING:Xst:2677 - Node <command_initiate_counter_6> of sequential type is unconnected in block <Altera_UP_PS2_Command_Out>.
WARNING:Xst:2677 - Node <command_initiate_counter_7> of sequential type is unconnected in block <Altera_UP_PS2_Command_Out>.
WARNING:Xst:2677 - Node <command_initiate_counter_8> of sequential type is unconnected in block <Altera_UP_PS2_Command_Out>.
WARNING:Xst:2677 - Node <command_initiate_counter_9> of sequential type is unconnected in block <Altera_UP_PS2_Command_Out>.
WARNING:Xst:2677 - Node <command_initiate_counter_10> of sequential type is unconnected in block <Altera_UP_PS2_Command_Out>.
WARNING:Xst:2677 - Node <command_initiate_counter_11> of sequential type is unconnected in block <Altera_UP_PS2_Command_Out>.
WARNING:Xst:2677 - Node <command_initiate_counter_12> of sequential type is unconnected in block <Altera_UP_PS2_Command_Out>.
WARNING:Xst:2677 - Node <command_initiate_counter_13> of sequential type is unconnected in block <Altera_UP_PS2_Command_Out>.
WARNING:Xst:2677 - Node <waiting_counter_1> of sequential type is unconnected in block <Altera_UP_PS2_Command_Out>.
WARNING:Xst:2677 - Node <waiting_counter_2> of sequential type is unconnected in block <Altera_UP_PS2_Command_Out>.
WARNING:Xst:2677 - Node <waiting_counter_3> of sequential type is unconnected in block <Altera_UP_PS2_Command_Out>.
WARNING:Xst:2677 - Node <waiting_counter_4> of sequential type is unconnected in block <Altera_UP_PS2_Command_Out>.
WARNING:Xst:2677 - Node <waiting_counter_5> of sequential type is unconnected in block <Altera_UP_PS2_Command_Out>.
WARNING:Xst:2677 - Node <waiting_counter_6> of sequential type is unconnected in block <Altera_UP_PS2_Command_Out>.
WARNING:Xst:2677 - Node <waiting_counter_7> of sequential type is unconnected in block <Altera_UP_PS2_Command_Out>.
WARNING:Xst:2677 - Node <waiting_counter_8> of sequential type is unconnected in block <Altera_UP_PS2_Command_Out>.
WARNING:Xst:2677 - Node <waiting_counter_9> of sequential type is unconnected in block <Altera_UP_PS2_Command_Out>.
WARNING:Xst:2677 - Node <waiting_counter_10> of sequential type is unconnected in block <Altera_UP_PS2_Command_Out>.
WARNING:Xst:2677 - Node <waiting_counter_11> of sequential type is unconnected in block <Altera_UP_PS2_Command_Out>.
WARNING:Xst:2677 - Node <waiting_counter_12> of sequential type is unconnected in block <Altera_UP_PS2_Command_Out>.
WARNING:Xst:2677 - Node <waiting_counter_13> of sequential type is unconnected in block <Altera_UP_PS2_Command_Out>.
WARNING:Xst:2677 - Node <waiting_counter_14> of sequential type is unconnected in block <Altera_UP_PS2_Command_Out>.
WARNING:Xst:2677 - Node <waiting_counter_15> of sequential type is unconnected in block <Altera_UP_PS2_Command_Out>.
WARNING:Xst:2677 - Node <waiting_counter_16> of sequential type is unconnected in block <Altera_UP_PS2_Command_Out>.
WARNING:Xst:2677 - Node <waiting_counter_17> of sequential type is unconnected in block <Altera_UP_PS2_Command_Out>.
WARNING:Xst:2677 - Node <waiting_counter_18> of sequential type is unconnected in block <Altera_UP_PS2_Command_Out>.
WARNING:Xst:2677 - Node <waiting_counter_19> of sequential type is unconnected in block <Altera_UP_PS2_Command_Out>.
WARNING:Xst:2677 - Node <waiting_counter_20> of sequential type is unconnected in block <Altera_UP_PS2_Command_Out>.
WARNING:Xst:1898 - Due to constant pushing, FF/Latch <cur_bit_0> is unconnected in block <Altera_UP_PS2_Command_Out>.
WARNING:Xst:1898 - Due to constant pushing, FF/Latch <cur_bit_1> is unconnected in block <Altera_UP_PS2_Command_Out>.
WARNING:Xst:1898 - Due to constant pushing, FF/Latch <cur_bit_2> is unconnected in block <Altera_UP_PS2_Command_Out>.
WARNING:Xst:2677 - Node <transfer_counter_1> of sequential type is unconnected in block <Altera_UP_PS2_Command_Out>.
WARNING:Xst:2677 - Node <transfer_counter_2> of sequential type is unconnected in block <Altera_UP_PS2_Command_Out>.
WARNING:Xst:2677 - Node <transfer_counter_3> of sequential type is unconnected in block <Altera_UP_PS2_Command_Out>.
WARNING:Xst:2677 - Node <transfer_counter_4> of sequential type is unconnected in block <Altera_UP_PS2_Command_Out>.
WARNING:Xst:2677 - Node <transfer_counter_5> of sequential type is unconnected in block <Altera_UP_PS2_Command_Out>.
WARNING:Xst:2677 - Node <transfer_counter_6> of sequential type is unconnected in block <Altera_UP_PS2_Command_Out>.
WARNING:Xst:2677 - Node <transfer_counter_7> of sequential type is unconnected in block <Altera_UP_PS2_Command_Out>.
WARNING:Xst:2677 - Node <transfer_counter_8> of sequential type is unconnected in block <Altera_UP_PS2_Command_Out>.
WARNING:Xst:2677 - Node <transfer_counter_9> of sequential type is unconnected in block <Altera_UP_PS2_Command_Out>.
WARNING:Xst:2677 - Node <transfer_counter_10> of sequential type is unconnected in block <Altera_UP_PS2_Command_Out>.
WARNING:Xst:2677 - Node <transfer_counter_11> of sequential type is unconnected in block <Altera_UP_PS2_Command_Out>.
WARNING:Xst:2677 - Node <transfer_counter_12> of sequential type is unconnected in block <Altera_UP_PS2_Command_Out>.
WARNING:Xst:2677 - Node <transfer_counter_13> of sequential type is unconnected in block <Altera_UP_PS2_Command_Out>.
WARNING:Xst:2677 - Node <transfer_counter_14> of sequential type is unconnected in block <Altera_UP_PS2_Command_Out>.
WARNING:Xst:2677 - Node <transfer_counter_15> of sequential type is unconnected in block <Altera_UP_PS2_Command_Out>.
WARNING:Xst:2677 - Node <transfer_counter_16> of sequential type is unconnected in block <Altera_UP_PS2_Command_Out>.
WARNING:Xst:2677 - Node <transfer_counter_17> of sequential type is unconnected in block <Altera_UP_PS2_Command_Out>.
WARNING:Xst:1710 - FF/Latch <rgb_reg_8> (without init value) has a constant value of 0 in block <VGA>. This FF/Latch will be trimmed during the optimization process.

Optimizing unit <Main> ...
WARNING:Xst:1293 - FF/Latch <kb/LED_13> has a constant value of 0 in block <Main>. This FF/Latch will be trimmed during the optimization process.
WARNING:Xst:1896 - Due to other FF/Latch trimming, FF/Latch <kb/LED_12> has a constant value of 0 in block <Main>. This FF/Latch will be trimmed during the optimization process.
WARNING:Xst:1896 - Due to other FF/Latch trimming, FF/Latch <kb/LED_11> has a constant value of 0 in block <Main>. This FF/Latch will be trimmed during the optimization process.
WARNING:Xst:1896 - Due to other FF/Latch trimming, FF/Latch <kb/LED_10> has a constant value of 0 in block <Main>. This FF/Latch will be trimmed during the optimization process.
WARNING:Xst:1896 - Due to other FF/Latch trimming, FF/Latch <kb/LED_9> has a constant value of 0 in block <Main>. This FF/Latch will be trimmed during the optimization process.
WARNING:Xst:1896 - Due to other FF/Latch trimming, FF/Latch <kb/LED_8> has a constant value of 0 in block <Main>. This FF/Latch will be trimmed during the optimization process.
WARNING:Xst:1896 - Due to other FF/Latch trimming, FF/Latch <kb/LED_7> has a constant value of 0 in block <Main>. This FF/Latch will be trimmed during the optimization process.
WARNING:Xst:1896 - Due to other FF/Latch trimming, FF/Latch <kb/LED_6> has a constant value of 0 in block <Main>. This FF/Latch will be trimmed during the optimization process.
WARNING:Xst:1896 - Due to other FF/Latch trimming, FF/Latch <kb/LED_5> has a constant value of 0 in block <Main>. This FF/Latch will be trimmed during the optimization process.

Optimizing unit <Altera_UP_PS2_Data_In> ...

Optimizing unit <VGA> ...

Optimizing unit <vga_sync> ...
INFO:Xst:2261 - The FF/Latch <image/rgb_reg_1> in Unit <Main> is equivalent to the following FF/Latch, which will be removed : <image/rgb_reg_0> 
INFO:Xst:2261 - The FF/Latch <image/rgb_reg_7> in Unit <Main> is equivalent to the following 5 FFs/Latches, which will be removed : <image/rgb_reg_6> <image/rgb_reg_5> <image/rgb_reg_4> <image/rgb_reg_3> <image/rgb_reg_2> 

Mapping all equations...
Building and optimizing final netlist ...
Found area constraint ratio of 100 (+ 5) on block Main, actual ratio is 33.
FlipFlop image/vsync_unit/h_count_reg_0 has been replicated 2 time(s)
FlipFlop image/vsync_unit/h_count_reg_1 has been replicated 5 time(s)
FlipFlop image/vsync_unit/h_count_reg_2 has been replicated 4 time(s)
FlipFlop image/vsync_unit/h_count_reg_3 has been replicated 4 time(s)
FlipFlop image/vsync_unit/h_count_reg_4 has been replicated 7 time(s)
FlipFlop image/vsync_unit/h_count_reg_5 has been replicated 5 time(s)
FlipFlop image/vsync_unit/h_count_reg_6 has been replicated 5 time(s)
FlipFlop image/vsync_unit/h_count_reg_7 has been replicated 5 time(s)
FlipFlop image/vsync_unit/h_count_reg_8 has been replicated 5 time(s)
FlipFlop image/vsync_unit/h_count_reg_9 has been replicated 4 time(s)
FlipFlop image/vsync_unit/v_count_reg_0 has been replicated 3 time(s)
FlipFlop image/vsync_unit/v_count_reg_1 has been replicated 6 time(s)
FlipFlop image/vsync_unit/v_count_reg_2 has been replicated 8 time(s)
FlipFlop image/vsync_unit/v_count_reg_3 has been replicated 8 time(s)
FlipFlop image/vsync_unit/v_count_reg_4 has been replicated 6 time(s)
FlipFlop image/vsync_unit/v_count_reg_5 has been replicated 6 time(s)
FlipFlop image/vsync_unit/v_count_reg_6 has been replicated 4 time(s)
FlipFlop image/vsync_unit/v_count_reg_7 has been replicated 5 time(s)
FlipFlop image/vsync_unit/v_count_reg_8 has been replicated 5 time(s)
FlipFlop image/vsync_unit/v_count_reg_9 has been replicated 5 time(s)

Final Macro Processing ...

=========================================================================
Final Register Report

Macro Statistics
# Registers                                            : 170
 Flip-Flops                                            : 170

=========================================================================

=========================================================================
*                           Partition Report                            *
=========================================================================

Partition Implementation Status
-------------------------------

  No Partitions were found in this design.

-------------------------------

=========================================================================
*                            Design Summary                             *
=========================================================================

Top Level Output File Name         : Main.ngc

Primitive and Black Box Usage:
------------------------------
# BELS                             : 5060
#      GND                         : 1
#      INV                         : 3
#      LUT1                        : 18
#      LUT2                        : 56
#      LUT3                        : 86
#      LUT4                        : 312
#      LUT5                        : 866
#      LUT6                        : 3423
#      MUXCY                       : 29
#      MUXF7                       : 245
#      VCC                         : 1
#      XORCY                       : 20
# FlipFlops/Latches                : 170
#      FD                          : 8
#      FDR                         : 17
#      FDRE                        : 142
#      FDS                         : 3
# Clock Buffers                    : 2
#      BUFG                        : 1
#      BUFGP                       : 1
# IO Buffers                       : 27
#      IOBUF                       : 2
#      OBUF                        : 25

Device utilization summary:
---------------------------

Selected Device : 6slx16csg324-3 


Slice Logic Utilization: 
 Number of Slice Registers:             170  out of  18224     0%  
 Number of Slice LUTs:                 4764  out of   9112    52%  
    Number used as Logic:              4764  out of   9112    52%  

Slice Logic Distribution: 
 Number of LUT Flip Flop pairs used:   4902
   Number with an unused Flip Flop:    4732  out of   4902    96%  
   Number with an unused LUT:           138  out of   4902     2%  
   Number of fully used LUT-FF pairs:    32  out of   4902     0%  
   Number of unique control sets:        15

IO Utilization: 
 Number of IOs:                          41
 Number of bonded IOBs:                  28  out of    232    12%  

Specific Feature Utilization:
 Number of BUFG/BUFGCTRLs:                2  out of     16    12%  

---------------------------
Partition Resource Summary:
---------------------------

  No Partitions were found in this design.

---------------------------


=========================================================================
Timing Report

NOTE: THESE TIMING NUMBERS ARE ONLY A SYNTHESIS ESTIMATE.
      FOR ACCURATE TIMING INFORMATION PLEASE REFER TO THE TRACE REPORT
      GENERATED AFTER PLACE-and-ROUTE.

Clock Information:
------------------
-----------------------------------+------------------------+-------+
Clock Signal                       | Clock buffer(FF name)  | Load  |
-----------------------------------+------------------------+-------+
gen_clk                            | BUFGP                  | 14    |
keyclk/divcounter_0                | BUFG                   | 156   |
-----------------------------------+------------------------+-------+

Asynchronous Control Signals Information:
----------------------------------------
No asynchronous control signals found in this design

Timing Summary:
---------------
Speed Grade: -3

   Minimum period: 21.298ns (Maximum Frequency: 46.952MHz)
   Minimum input arrival time before clock: 1.903ns
   Maximum output required time after clock: 6.863ns
   Maximum combinational path delay: No path found

Timing Details:
---------------
All values displayed in nanoseconds (ns)

=========================================================================
Timing constraint: Default period analysis for Clock 'gen_clk'
  Clock period: 4.319ns (frequency: 231.508MHz)
  Total number of paths / destination ports: 78 / 6
-------------------------------------------------------------------------
Delay:               4.319ns (Levels of Logic = 4)
  Source:            kb/previous_word_3 (FF)
  Destination:       kb/LED_3 (FF)
  Source Clock:      gen_clk rising
  Destination Clock: gen_clk rising

  Data Path: kb/previous_word_3 to kb/LED_3
                                Gate     Net
    Cell:in->out      fanout   Delay   Delay  Logical Name (Net Name)
    ----------------------------------------  ------------
     FDR:C->Q              1   0.447   0.808  kb/previous_word_3 (kb/previous_word_3)
     LUT3:I0->O            1   0.205   0.580  kb/previous_word[7]_PWR_11_o_equal_2_o<7>_SW0 (N3)
     LUT6:I5->O            4   0.205   0.684  kb/previous_word[7]_PWR_11_o_equal_2_o<7> (kb/previous_word[7]_PWR_11_o_equal_2_o)
     LUT6:I5->O            3   0.205   0.879  kb/received_data[7]_LED[13]_select_45_OUT<3>211 (kb/received_data[7]_LED[13]_select_45_OUT<3>21)
     LUT6:I3->O            1   0.205   0.000  kb/Mmux_received_data[7]_GND_10_o_mux_47_OUT83 (kb/received_data[7]_GND_10_o_mux_47_OUT<3>)
     FD:D                      0.102          kb/LED_3
    ----------------------------------------
    Total                      4.319ns (1.369ns logic, 2.951ns route)
                                       (31.7% logic, 68.3% route)

=========================================================================
Timing constraint: Default period analysis for Clock 'keyclk/divcounter_0'
  Clock period: 21.298ns (frequency: 46.952MHz)
  Total number of paths / destination ports: 442603487 / 448
-------------------------------------------------------------------------
Delay:               21.298ns (Levels of Logic = 21)
  Source:            image/vsync_unit/v_count_reg_4_1 (FF)
  Destination:       image/rgb_reg_7 (FF)
  Source Clock:      keyclk/divcounter_0 rising
  Destination Clock: keyclk/divcounter_0 rising

  Data Path: image/vsync_unit/v_count_reg_4_1 to image/rgb_reg_7
                                Gate     Net
    Cell:in->out      fanout   Delay   Delay  Logical Name (Net Name)
    ----------------------------------------  ------------
     FDRE:C->Q             3   0.447   0.879  image/vsync_unit/v_count_reg_4_1 (image/vsync_unit/v_count_reg_4_1)
     LUT3:I0->O           10   0.205   0.857  image/y[9]_GND_6_o_LessThan_8_o21 (image/y[9]_GND_6_o_LessThan_8_o2)
     LUT6:I5->O           17   0.205   1.028  image/n085711_1 (image/n085711)
     LUT2:I1->O            3   0.205   0.898  image/BUS_0276_GND_6_o_AND_346_o1_SW0 (N462)
     LUT6:I2->O           10   0.203   0.857  image/Mmux_GND_6_o_GND_6_o_mux_2318_OUT1211_1 (image/Mmux_GND_6_o_GND_6_o_mux_2318_OUT1211)
     LUT6:I5->O            8   0.205   0.803  image/GND_6_o_GND_6_o_AND_19_o11 (image/GND_6_o_GND_6_o_AND_19_o_mmx_out1)
     LUT6:I5->O            7   0.205   0.774  image/GND_6_o_GND_6_o_AND_322_o112 (image/GND_6_o_GND_6_o_AND_322_o_mmx_out1)
     LUT6:I5->O            7   0.205   0.774  image/GND_6_o_GND_6_o_AND_205_o311 (image/GND_6_o_GND_6_o_AND_205_o31)
     LUT6:I5->O           15   0.205   0.982  image/GND_6_o_GND_6_o_AND_319_o11 (image/GND_6_o_GND_6_o_AND_319_o_mmx_out)
     LUT6:I5->O            4   0.205   0.788  image/GND_6_o_GND_6_o_AND_289_o11 (image/GND_6_o_GND_6_o_AND_289_o_mmx_out1)
     LUT6:I4->O            7   0.203   0.773  image/ix[9]_GND_6_o_AND_313_o1142 (image/ix[9]_GND_6_o_AND_313_o1141)
     MUXF7:S->O            2   0.148   0.721  image/fx[9]_GND_6_o_AND_199_o121_SW0 (N1735)
     LUT6:I4->O           14   0.203   0.958  image/fx[9]_GND_6_o_AND_199_o122 (image/fx[9]_GND_6_o_AND_199_o_mmx_out1)
     LUT6:I5->O            3   0.205   0.651  image/BUS_0103_GND_6_o_AND_136_o1558 (image/BUS_0103_GND_6_o_AND_136_o_mmx_out2)
     LUT6:I5->O            5   0.205   0.715  image/BUS_0043_GND_6_o_AND_64_o11121 (image/BUS_0043_GND_6_o_AND_64_o1112)
     LUT6:I5->O            1   0.205   0.827  image/BUS_0040_GND_6_o_AND_61_o124_SW0 (N1197)
     LUT6:I2->O            2   0.203   0.616  image/BUS_0040_GND_6_o_AND_61_o124 (image/BUS_0040_GND_6_o_AND_61_o_mmx_out1)
     MUXF7:S->O            1   0.148   0.827  image/GND_6_o_GND_6_o_mux_1166_OUT<2>33_SW1 (N2655)
     LUT6:I2->O            1   0.203   0.580  image/GND_6_o_GND_6_o_mux_1166_OUT<2>34 (image/GND_6_o_GND_6_o_mux_1166_OUT<2>34)
     LUT6:I5->O            1   0.205   0.684  image/GND_6_o_GND_6_o_mux_1166_OUT<2>35 (image/GND_6_o_GND_6_o_mux_1166_OUT<2>)
     LUT6:I4->O            1   0.203   0.580  image/Mmux__n3345_77 (image/Mmux__n3345_77)
     LUT5:I4->O            1   0.205   0.000  image/Mmux_GND_6_o_GND_6_o_mux_3107_OUT81 (image/GND_6_o_GND_6_o_mux_3107_OUT<7>)
     FD:D                      0.102          image/rgb_reg_7
    ----------------------------------------
    Total                     21.298ns (4.728ns logic, 16.570ns route)
                                       (22.2% logic, 77.8% route)

=========================================================================
Timing constraint: Default OFFSET IN BEFORE for Clock 'keyclk/divcounter_0'
  Total number of paths / destination ports: 2 / 2
-------------------------------------------------------------------------
Offset:              1.903ns (Levels of Logic = 1)
  Source:            PS2DATA (PAD)
  Destination:       kb/PS2_Keyboard_Controller/ps2_data_reg (FF)
  Destination Clock: keyclk/divcounter_0 rising

  Data Path: PS2DATA to kb/PS2_Keyboard_Controller/ps2_data_reg
                                Gate     Net
    Cell:in->out      fanout   Delay   Delay  Logical Name (Net Name)
    ----------------------------------------  ------------
     IOBUF:IO->O           1   1.222   0.579  PS2DATA_IOBUF (N300)
     FDS:D                     0.102          kb/PS2_Keyboard_Controller/ps2_data_reg
    ----------------------------------------
    Total                      1.903ns (1.324ns logic, 0.579ns route)
                                       (69.6% logic, 30.4% route)

=========================================================================
Timing constraint: Default OFFSET OUT AFTER for Clock 'keyclk/divcounter_0'
  Total number of paths / destination ports: 74 / 10
-------------------------------------------------------------------------
Offset:              6.863ns (Levels of Logic = 4)
  Source:            image/vsync_unit/v_count_reg_6_3 (FF)
  Destination:       rgb<7> (PAD)
  Source Clock:      keyclk/divcounter_0 rising

  Data Path: image/vsync_unit/v_count_reg_6_3 to rgb<7>
                                Gate     Net
    Cell:in->out      fanout   Delay   Delay  Logical Name (Net Name)
    ----------------------------------------  ------------
     FDRE:C->Q            15   0.447   1.086  image/vsync_unit/v_count_reg_6_3 (image/vsync_unit/v_count_reg_6_3)
     LUT3:I1->O            4   0.203   0.684  image/GND_6_o_GND_6_o_AND_121_o1131 (image/GND_6_o_GND_6_o_AND_121_o113)
     LUT6:I5->O            2   0.205   0.721  image/vsync_unit/video_on (image/video_on)
     LUT2:I0->O            6   0.203   0.744  image/Mmux_rgb31 (rgb_2_OBUF)
     OBUF:I->O                 2.571          rgb_2_OBUF (rgb<2>)
    ----------------------------------------
    Total                      6.863ns (3.629ns logic, 3.234ns route)
                                       (52.9% logic, 47.1% route)

=========================================================================
Timing constraint: Default OFFSET OUT AFTER for Clock 'gen_clk'
  Total number of paths / destination ports: 5 / 5
-------------------------------------------------------------------------
Offset:              4.210ns (Levels of Logic = 1)
  Source:            kb/LED_4 (FF)
  Destination:       LED<4> (PAD)
  Source Clock:      gen_clk rising

  Data Path: kb/LED_4 to LED<4>
                                Gate     Net
    Cell:in->out      fanout   Delay   Delay  Logical Name (Net Name)
    ----------------------------------------  ------------
     FD:C->Q              25   0.447   1.192  kb/LED_4 (kb/LED_4)
     OBUF:I->O                 2.571          LED_4_OBUF (LED<4>)
    ----------------------------------------
    Total                      4.210ns (3.018ns logic, 1.192ns route)
                                       (71.7% logic, 28.3% route)

=========================================================================

Cross Clock Domains Report:
--------------------------

Clock to Setup on destination clock gen_clk
-------------------+---------+---------+---------+---------+
                   | Src:Rise| Src:Fall| Src:Rise| Src:Fall|
Source Clock       |Dest:Rise|Dest:Rise|Dest:Fall|Dest:Fall|
-------------------+---------+---------+---------+---------+
gen_clk            |    4.319|         |         |         |
keyclk/divcounter_0|    3.814|         |         |         |
-------------------+---------+---------+---------+---------+

Clock to Setup on destination clock keyclk/divcounter_0
-------------------+---------+---------+---------+---------+
                   | Src:Rise| Src:Fall| Src:Rise| Src:Fall|
Source Clock       |Dest:Rise|Dest:Rise|Dest:Fall|Dest:Fall|
-------------------+---------+---------+---------+---------+
gen_clk            |    9.472|         |         |         |
keyclk/divcounter_0|   21.298|         |         |         |
-------------------+---------+---------+---------+---------+

=========================================================================


Total REAL time to Xst completion: 84.00 secs
Total CPU time to Xst completion: 83.68 secs
 
--> 


Total memory usage is 463596 kilobytes

Number of errors   :    0 (   0 filtered)
Number of warnings :  299 (   0 filtered)
Number of infos    :   16 (   0 filtered)

