Release 14.7 - xst P.20131013 (nt)
Copyright (c) 1995-2013 Xilinx, Inc.  All rights reserved.
--> Parameter TMPDIR set to xst/projnav.tmp


Total REAL time to Xst completion: 1.00 secs
Total CPU time to Xst completion: 0.50 secs
 
--> Parameter xsthdpdir set to xst


Total REAL time to Xst completion: 1.00 secs
Total CPU time to Xst completion: 0.50 secs
 
--> Reading design: topLevelModule.prj

TABLE OF CONTENTS
  1) Synthesis Options Summary
  2) HDL Parsing
  3) HDL Elaboration
  4) HDL Synthesis
       4.1) HDL Synthesis Report
  5) Advanced HDL Synthesis
       5.1) Advanced HDL Synthesis Report
  6) Low Level Synthesis
  7) Partition Report
  8) Design Summary
       8.1) Primitive and Black Box Usage
       8.2) Device utilization summary
       8.3) Partition Resource Summary
       8.4) Timing Report
            8.4.1) Clock Information
            8.4.2) Asynchronous Control Signals Information
            8.4.3) Timing Summary
            8.4.4) Timing Details
            8.4.5) Cross Clock Domains Report


=========================================================================
*                      Synthesis Options Summary                        *
=========================================================================
---- Source Parameters
Input File Name                    : "topLevelModule.prj"
Ignore Synthesis Constraint File   : NO

---- Target Parameters
Output File Name                   : "topLevelModule"
Output Format                      : NGC
Target Device                      : xc6slx16-3-csg324

---- Source Options
Top Module Name                    : topLevelModule
Automatic FSM Extraction           : YES
FSM Encoding Algorithm             : Auto
Safe Implementation                : No
FSM Style                          : LUT
RAM Extraction                     : Yes
RAM Style                          : Auto
ROM Extraction                     : Yes
Shift Register Extraction          : YES
ROM Style                          : Auto
Resource Sharing                   : YES
Asynchronous To Synchronous        : NO
Shift Register Minimum Size        : 2
Use DSP Block                      : Auto
Automatic Register Balancing       : No

---- Target Options
LUT Combining                      : Auto
Reduce Control Sets                : Auto
Add IO Buffers                     : YES
Global Maximum Fanout              : 100000
Add Generic Clock Buffer(BUFG)     : 16
Register Duplication               : YES
Optimize Instantiated Primitives   : NO
Use Clock Enable                   : Auto
Use Synchronous Set                : Auto
Use Synchronous Reset              : Auto
Pack IO Registers into IOBs        : Auto
Equivalent register Removal        : YES

---- General Options
Optimization Goal                  : Speed
Optimization Effort                : 1
Power Reduction                    : NO
Keep Hierarchy                     : No
Netlist Hierarchy                  : As_Optimized
RTL Output                         : Yes
Global Optimization                : AllClockNets
Read Cores                         : YES
Write Timing Constraints           : NO
Cross Clock Analysis               : NO
Hierarchy Separator                : /
Bus Delimiter                      : <>
Case Specifier                     : Maintain
Slice Utilization Ratio            : 100
BRAM Utilization Ratio             : 100
DSP48 Utilization Ratio            : 100
Auto BRAM Packing                  : NO
Slice Utilization Ratio Delta      : 5

=========================================================================


=========================================================================
*                          HDL Parsing                                  *
=========================================================================
Analyzing Verilog file "C:\Users\Andres Vargas\Documents\Verilog Projects\microProcessor\microProcessor\principalDecoder.v" into library work
Parsing module <principalDecoder>.
Analyzing Verilog file "C:\Users\Andres Vargas\Documents\Verilog Projects\microProcessor\microProcessor\pc_decoder.v" into library work
Parsing module <pc_decoder>.
Analyzing Verilog file "C:\Users\Andres Vargas\Documents\Verilog Projects\microProcessor\microProcessor\flipflopEN.v" into library work
Parsing module <flipflopEN>.
Analyzing Verilog file "C:\Users\Andres Vargas\Documents\Verilog Projects\microProcessor\microProcessor\decode_alu.v" into library work
Parsing module <decode_alu>.
Analyzing Verilog file "C:\Users\Andres Vargas\Documents\Verilog Projects\microProcessor\microProcessor\conditionals.v" into library work
Parsing module <conditionals>.
Analyzing Verilog file "C:\Users\Andres Vargas\Documents\Verilog Projects\microProcessor\microProcessor\registerFile.v" into library work
Parsing module <registerFile>.
Analyzing Verilog file "C:\Users\Andres Vargas\Documents\Verilog Projects\microProcessor\microProcessor\Mux.v" into library work
Parsing module <Mux>.
Analyzing Verilog file "C:\Users\Andres Vargas\Documents\Verilog Projects\microProcessor\microProcessor\logicControl.v" into library work
Parsing module <logicControl>.
Analyzing Verilog file "C:\Users\Andres Vargas\Documents\Verilog Projects\microProcessor\microProcessor\InmExtension.v" into library work
Parsing module <InmExtension>.
Analyzing Verilog file "C:\Users\Andres Vargas\Documents\Verilog Projects\microProcessor\microProcessor\flip-flop.v" into library work
Parsing module <flipflop>.
Analyzing Verilog file "C:\Users\Andres Vargas\Documents\Verilog Projects\microProcessor\microProcessor\decoder.v" into library work
Parsing module <decoder>.
Analyzing Verilog file "C:\Users\Andres Vargas\Documents\Verilog Projects\microProcessor\microProcessor\ALU.v" into library work
Parsing module <ALU>.
Analyzing Verilog file "C:\Users\Andres Vargas\Documents\Verilog Projects\microProcessor\microProcessor\adder.v" into library work
Parsing module <adder>.
Analyzing Verilog file "C:\Users\Andres Vargas\Documents\Verilog Projects\microProcessor\microProcessor\fullController.v" into library work
Parsing module <fullController>.
Analyzing Verilog file "C:\Users\Andres Vargas\Documents\Verilog Projects\microProcessor\microProcessor\dataPath.v" into library work
Parsing module <dataPath>.
Analyzing Verilog file "C:\Users\Andres Vargas\Documents\Verilog Projects\microProcessor\microProcessor\Instruction_mem.v" into library work
Parsing module <Instruction_MEM>.
Analyzing Verilog file "C:\Users\Andres Vargas\Documents\Verilog Projects\microProcessor\microProcessor\data_mem.v" into library work
Parsing module <data_mem>.
Analyzing Verilog file "C:\Users\Andres Vargas\Documents\Verilog Projects\microProcessor\microProcessor\ARM.v" into library work
Parsing module <ARM>.
Analyzing Verilog file "C:\Users\Andres Vargas\Documents\Verilog Projects\microProcessor\microProcessor\topLevelModule.v" into library work
Parsing module <topLevelModule>.

=========================================================================
*                            HDL Elaboration                            *
=========================================================================

Elaborating module <topLevelModule>.

Elaborating module <Instruction_MEM>.
WARNING:HDLCompiler:91 - "C:\Users\Andres Vargas\Documents\Verilog Projects\microProcessor\microProcessor\Instruction_mem.v" Line 63: Signal <RAM> missing in the sensitivity list is added for synthesis purposes. HDL and post-synthesis simulations may differ as a result.

Elaborating module <ARM>.

Elaborating module <fullController>.

Elaborating module <decoder>.

Elaborating module <principalDecoder>.

Elaborating module <decode_alu>.

Elaborating module <pc_decoder>.

Elaborating module <logicControl>.

Elaborating module <flipflopEN(WIDTH=2)>.

Elaborating module <conditionals>.

Elaborating module <dataPath>.

Elaborating module <Mux(WIDTH=32)>.

Elaborating module <flipflop(WIDTH=32)>.
"C:\Users\Andres Vargas\Documents\Verilog Projects\microProcessor\microProcessor\flip-flop.v" Line 30. $display set
"C:\Users\Andres Vargas\Documents\Verilog Projects\microProcessor\microProcessor\flip-flop.v" Line 38. $display reset
"C:\Users\Andres Vargas\Documents\Verilog Projects\microProcessor\microProcessor\flip-flop.v" Line 43. $display change

Elaborating module <adder(WIDTH=32)>.

Elaborating module <Mux(WIDTH=4)>.

Elaborating module <registerFile>.

Elaborating module <InmExtension>.

Elaborating module <ALU>.

Elaborating module <data_mem>.
WARNING:HDLCompiler:1127 - "C:\Users\Andres Vargas\Documents\Verilog Projects\microProcessor\microProcessor\topLevelModule.v" Line 53: Assignment to rtd ignored, since the identifier is never used
WARNING:HDLCompiler:634 - "C:\Users\Andres Vargas\Documents\Verilog Projects\microProcessor\microProcessor\topLevelModule.v" Line 25: Net <td[31]> does not have a driver.
WARNING:HDLCompiler:634 - "C:\Users\Andres Vargas\Documents\Verilog Projects\microProcessor\microProcessor\topLevelModule.v" Line 27: Net <te> does not have a driver.

=========================================================================
*                           HDL Synthesis                               *
=========================================================================

Synthesizing Unit <topLevelModule>.
    Related source file is "C:\Users\Andres Vargas\Documents\Verilog Projects\microProcessor\microProcessor\topLevelModule.v".
INFO:Xst:3210 - "C:\Users\Andres Vargas\Documents\Verilog Projects\microProcessor\microProcessor\topLevelModule.v" line 44: Output port <rtd> of the instance <dmem> is unconnected or connected to loadless signal.
WARNING:Xst:653 - Signal <td> is used but never assigned. This sourceless signal will be automatically connected to value GND.
WARNING:Xst:653 - Signal <ta> is used but never assigned. This sourceless signal will be automatically connected to value GND.
WARNING:Xst:653 - Signal <te> is used but never assigned. This sourceless signal will be automatically connected to value GND.
    Summary:
	no macro.
Unit <topLevelModule> synthesized.

Synthesizing Unit <Instruction_MEM>.
    Related source file is "C:\Users\Andres Vargas\Documents\Verilog Projects\microProcessor\microProcessor\Instruction_mem.v".
WARNING:Xst:647 - Input <a<1:0>> is never used. This port will be preserved and left unconnected if it belongs to a top-level block or it belongs to a sub-block and the hierarchy of this sub-block is preserved.
WARNING:Xst:647 - Input <a<31:8>> is never used. This port will be preserved and left unconnected if it belongs to a top-level block or it belongs to a sub-block and the hierarchy of this sub-block is preserved.
WARNING:Xst:2999 - Signal 'RAM', unconnected in block 'Instruction_MEM', is tied to its initial value.
    Found 64x32-bit single-port Read Only RAM <Mram_RAM> for signal <RAM>.
    Summary:
	inferred   1 RAM(s).
Unit <Instruction_MEM> synthesized.

Synthesizing Unit <ARM>.
    Related source file is "C:\Users\Andres Vargas\Documents\Verilog Projects\microProcessor\microProcessor\ARM.v".
    Summary:
	no macro.
Unit <ARM> synthesized.

Synthesizing Unit <fullController>.
    Related source file is "C:\Users\Andres Vargas\Documents\Verilog Projects\microProcessor\microProcessor\fullController.v".
WARNING:Xst:647 - Input <Instr<19:16>> is never used. This port will be preserved and left unconnected if it belongs to a top-level block or it belongs to a sub-block and the hierarchy of this sub-block is preserved.
    Summary:
	no macro.
Unit <fullController> synthesized.

Synthesizing Unit <decoder>.
    Related source file is "C:\Users\Andres Vargas\Documents\Verilog Projects\microProcessor\microProcessor\decoder.v".
    Summary:
	no macro.
Unit <decoder> synthesized.

Synthesizing Unit <principalDecoder>.
    Related source file is "C:\Users\Andres Vargas\Documents\Verilog Projects\microProcessor\microProcessor\principalDecoder.v".
WARNING:Xst:737 - Found 1-bit latch for signal <ALUSrc>. Latches may be generated from incomplete case or if statements. We do not recommend the use of latches in FPGA/CPLD designs, as they may lead to timing problems.
WARNING:Xst:737 - Found 1-bit latch for signal <ALUOp>. Latches may be generated from incomplete case or if statements. We do not recommend the use of latches in FPGA/CPLD designs, as they may lead to timing problems.
WARNING:Xst:737 - Found 1-bit latch for signal <RegWR>. Latches may be generated from incomplete case or if statements. We do not recommend the use of latches in FPGA/CPLD designs, as they may lead to timing problems.
WARNING:Xst:737 - Found 1-bit latch for signal <MemWR>. Latches may be generated from incomplete case or if statements. We do not recommend the use of latches in FPGA/CPLD designs, as they may lead to timing problems.
WARNING:Xst:737 - Found 1-bit latch for signal <InmSrc<1>>. Latches may be generated from incomplete case or if statements. We do not recommend the use of latches in FPGA/CPLD designs, as they may lead to timing problems.
WARNING:Xst:737 - Found 1-bit latch for signal <InmSrc<0>>. Latches may be generated from incomplete case or if statements. We do not recommend the use of latches in FPGA/CPLD designs, as they may lead to timing problems.
WARNING:Xst:737 - Found 1-bit latch for signal <RegSrc<1>>. Latches may be generated from incomplete case or if statements. We do not recommend the use of latches in FPGA/CPLD designs, as they may lead to timing problems.
    Summary:
	inferred   7 Latch(s).
	inferred   3 Multiplexer(s).
Unit <principalDecoder> synthesized.

Synthesizing Unit <decode_alu>.
    Related source file is "C:\Users\Andres Vargas\Documents\Verilog Projects\microProcessor\microProcessor\decode_alu.v".
WARNING:Xst:737 - Found 1-bit latch for signal <ALUControl<0>>. Latches may be generated from incomplete case or if statements. We do not recommend the use of latches in FPGA/CPLD designs, as they may lead to timing problems.
WARNING:Xst:737 - Found 1-bit latch for signal <NoWrite>. Latches may be generated from incomplete case or if statements. We do not recommend the use of latches in FPGA/CPLD designs, as they may lead to timing problems.
WARNING:Xst:737 - Found 1-bit latch for signal <ALUControl<1>>. Latches may be generated from incomplete case or if statements. We do not recommend the use of latches in FPGA/CPLD designs, as they may lead to timing problems.
    Summary:
	inferred   3 Latch(s).
	inferred   2 Multiplexer(s).
Unit <decode_alu> synthesized.

Synthesizing Unit <pc_decoder>.
    Related source file is "C:\Users\Andres Vargas\Documents\Verilog Projects\microProcessor\microProcessor\pc_decoder.v".
    Summary:
	no macro.
Unit <pc_decoder> synthesized.

Synthesizing Unit <logicControl>.
    Related source file is "C:\Users\Andres Vargas\Documents\Verilog Projects\microProcessor\microProcessor\logicControl.v".
    Summary:
	no macro.
Unit <logicControl> synthesized.

Synthesizing Unit <flipflopEN>.
    Related source file is "C:\Users\Andres Vargas\Documents\Verilog Projects\microProcessor\microProcessor\flipflopEN.v".
        WIDTH = 2
    Found 2-bit register for signal <q>.
    Summary:
	inferred   2 D-type flip-flop(s).
Unit <flipflopEN> synthesized.

Synthesizing Unit <conditionals>.
    Related source file is "C:\Users\Andres Vargas\Documents\Verilog Projects\microProcessor\microProcessor\conditionals.v".
    Found 1-bit 16-to-1 multiplexer for signal <CondEx> created at line 33.
    Found 1-bit comparator equal for signal <ge> created at line 32
    Summary:
	inferred   1 Comparator(s).
	inferred   1 Multiplexer(s).
Unit <conditionals> synthesized.

Synthesizing Unit <dataPath>.
    Related source file is "C:\Users\Andres Vargas\Documents\Verilog Projects\microProcessor\microProcessor\dataPath.v".
WARNING:Xst:647 - Input <Instr<31:24>> is never used. This port will be preserved and left unconnected if it belongs to a top-level block or it belongs to a sub-block and the hierarchy of this sub-block is preserved.
    Summary:
	no macro.
Unit <dataPath> synthesized.

Synthesizing Unit <Mux_1>.
    Related source file is "C:\Users\Andres Vargas\Documents\Verilog Projects\microProcessor\microProcessor\Mux.v".
        WIDTH = 32
    Summary:
	inferred   1 Multiplexer(s).
Unit <Mux_1> synthesized.

Synthesizing Unit <flipflop>.
    Related source file is "C:\Users\Andres Vargas\Documents\Verilog Projects\microProcessor\microProcessor\flip-flop.v".
        WIDTH = 32
    Found 32-bit register for signal <q>.
    Summary:
	inferred  32 D-type flip-flop(s).
Unit <flipflop> synthesized.

Synthesizing Unit <adder>.
    Related source file is "C:\Users\Andres Vargas\Documents\Verilog Projects\microProcessor\microProcessor\adder.v".
        WIDTH = 32
    Found 32-bit adder for signal <y> created at line 29.
    Summary:
	inferred   1 Adder/Subtractor(s).
Unit <adder> synthesized.

Synthesizing Unit <Mux_2>.
    Related source file is "C:\Users\Andres Vargas\Documents\Verilog Projects\microProcessor\microProcessor\Mux.v".
        WIDTH = 4
    Summary:
	inferred   1 Multiplexer(s).
Unit <Mux_2> synthesized.

Synthesizing Unit <registerFile>.
    Related source file is "C:\Users\Andres Vargas\Documents\Verilog Projects\microProcessor\microProcessor\registerFile.v".
WARNING:Xst:3035 - Index value(s) does not match array range for signal <registers>, simulation mismatch.
    Found 15x32-bit dual-port RAM <Mram_registers> for signal <registers>.
    Summary:
	inferred   2 RAM(s).
	inferred   2 Multiplexer(s).
Unit <registerFile> synthesized.

Synthesizing Unit <InmExtension>.
    Related source file is "C:\Users\Andres Vargas\Documents\Verilog Projects\microProcessor\microProcessor\InmExtension.v".
    Found 32-bit 3-to-1 multiplexer for signal <ExtInm> created at line 29.
    Summary:
	inferred   1 Multiplexer(s).
Unit <InmExtension> synthesized.

Synthesizing Unit <ALU>.
    Related source file is "C:\Users\Andres Vargas\Documents\Verilog Projects\microProcessor\microProcessor\ALU.v".
    Found 33-bit subtractor for signal <GND_32_o_GND_32_o_sub_2_OUT> created at line 50.
    Found 33-bit adder for signal <n0027> created at line 49.
    Found 33-bit 4-to-1 multiplexer for signal <tmp> created at line 48.
    Summary:
	inferred   1 Adder/Subtractor(s).
	inferred   3 Multiplexer(s).
Unit <ALU> synthesized.

Synthesizing Unit <data_mem>.
    Related source file is "C:\Users\Andres Vargas\Documents\Verilog Projects\microProcessor\microProcessor\data_mem.v".
WARNING:Xst:647 - Input <a<1:0>> is never used. This port will be preserved and left unconnected if it belongs to a top-level block or it belongs to a sub-block and the hierarchy of this sub-block is preserved.
WARNING:Xst:647 - Input <a<31:8>> is never used. This port will be preserved and left unconnected if it belongs to a top-level block or it belongs to a sub-block and the hierarchy of this sub-block is preserved.
WARNING:Xst:647 - Input <ta<1:0>> is never used. This port will be preserved and left unconnected if it belongs to a top-level block or it belongs to a sub-block and the hierarchy of this sub-block is preserved.
WARNING:Xst:647 - Input <ta<31:8>> is never used. This port will be preserved and left unconnected if it belongs to a top-level block or it belongs to a sub-block and the hierarchy of this sub-block is preserved.
WARNING:Xst:647 - Input <te> is never used. This port will be preserved and left unconnected if it belongs to a top-level block or it belongs to a sub-block and the hierarchy of this sub-block is preserved.
    Found 64x32-bit dual-port RAM <Mram_RAM> for signal <RAM>.
    Found 1-bit register for signal <RAM_ff_2016>.
    Found 1-bit register for signal <RAM_ff_2017>.
    Found 1-bit register for signal <RAM_ff_2018>.
    Found 1-bit register for signal <RAM_ff_2019>.
    Found 1-bit register for signal <RAM_ff_2020>.
    Found 1-bit register for signal <RAM_ff_2021>.
    Found 1-bit register for signal <RAM_ff_2022>.
    Found 1-bit register for signal <RAM_ff_2023>.
    Found 1-bit register for signal <RAM_ff_2024>.
    Found 1-bit register for signal <RAM_ff_2025>.
    Found 1-bit register for signal <RAM_ff_2026>.
    Found 1-bit register for signal <RAM_ff_2027>.
    Found 1-bit register for signal <RAM_ff_2028>.
    Found 1-bit register for signal <RAM_ff_2029>.
    Found 1-bit register for signal <RAM_ff_2030>.
    Found 1-bit register for signal <RAM_ff_2031>.
    Found 1-bit register for signal <RAM_ff_2032>.
    Found 1-bit register for signal <RAM_ff_2033>.
    Found 1-bit register for signal <RAM_ff_2034>.
    Found 1-bit register for signal <RAM_ff_2035>.
    Found 1-bit register for signal <RAM_ff_2036>.
    Found 1-bit register for signal <RAM_ff_2037>.
    Found 1-bit register for signal <RAM_ff_2038>.
    Found 1-bit register for signal <RAM_ff_2039>.
    Found 1-bit register for signal <RAM_ff_2040>.
    Found 1-bit register for signal <RAM_ff_2041>.
    Found 1-bit register for signal <RAM_ff_2042>.
    Found 1-bit register for signal <RAM_ff_2043>.
    Found 1-bit register for signal <RAM_ff_2044>.
    Found 1-bit register for signal <RAM_ff_2045>.
    Found 1-bit register for signal <RAM_ff_2046>.
    Found 1-bit register for signal <RAM_ff_2047>.
    Found 1-bit tristate buffer for signal <RAM_trst_2016> created at line 21
    Found 1-bit tristate buffer for signal <RAM_trst_2016> created at line 21
    Found 1-bit tristate buffer for signal <RAM_trst_2017> created at line 21
    Found 1-bit tristate buffer for signal <RAM_trst_2017> created at line 21
    Found 1-bit tristate buffer for signal <RAM_trst_2018> created at line 21
    Found 1-bit tristate buffer for signal <RAM_trst_2018> created at line 21
    Found 1-bit tristate buffer for signal <RAM_trst_2019> created at line 21
    Found 1-bit tristate buffer for signal <RAM_trst_2019> created at line 21
    Found 1-bit tristate buffer for signal <RAM_trst_2020> created at line 21
    Found 1-bit tristate buffer for signal <RAM_trst_2020> created at line 21
    Found 1-bit tristate buffer for signal <RAM_trst_2021> created at line 21
    Found 1-bit tristate buffer for signal <RAM_trst_2021> created at line 21
    Found 1-bit tristate buffer for signal <RAM_trst_2022> created at line 21
    Found 1-bit tristate buffer for signal <RAM_trst_2022> created at line 21
    Found 1-bit tristate buffer for signal <RAM_trst_2023> created at line 21
    Found 1-bit tristate buffer for signal <RAM_trst_2023> created at line 21
    Found 1-bit tristate buffer for signal <RAM_trst_2024> created at line 21
    Found 1-bit tristate buffer for signal <RAM_trst_2024> created at line 21
    Found 1-bit tristate buffer for signal <RAM_trst_2025> created at line 21
    Found 1-bit tristate buffer for signal <RAM_trst_2025> created at line 21
    Found 1-bit tristate buffer for signal <RAM_trst_2026> created at line 21
    Found 1-bit tristate buffer for signal <RAM_trst_2026> created at line 21
    Found 1-bit tristate buffer for signal <RAM_trst_2027> created at line 21
    Found 1-bit tristate buffer for signal <RAM_trst_2027> created at line 21
    Found 1-bit tristate buffer for signal <RAM_trst_2028> created at line 21
    Found 1-bit tristate buffer for signal <RAM_trst_2028> created at line 21
    Found 1-bit tristate buffer for signal <RAM_trst_2029> created at line 21
    Found 1-bit tristate buffer for signal <RAM_trst_2029> created at line 21
    Found 1-bit tristate buffer for signal <RAM_trst_2030> created at line 21
    Found 1-bit tristate buffer for signal <RAM_trst_2030> created at line 21
    Found 1-bit tristate buffer for signal <RAM_trst_2031> created at line 21
    Found 1-bit tristate buffer for signal <RAM_trst_2031> created at line 21
    Found 1-bit tristate buffer for signal <RAM_trst_2032> created at line 21
    Found 1-bit tristate buffer for signal <RAM_trst_2032> created at line 21
    Found 1-bit tristate buffer for signal <RAM_trst_2033> created at line 21
    Found 1-bit tristate buffer for signal <RAM_trst_2033> created at line 21
    Found 1-bit tristate buffer for signal <RAM_trst_2034> created at line 21
    Found 1-bit tristate buffer for signal <RAM_trst_2034> created at line 21
    Found 1-bit tristate buffer for signal <RAM_trst_2035> created at line 21
    Found 1-bit tristate buffer for signal <RAM_trst_2035> created at line 21
    Found 1-bit tristate buffer for signal <RAM_trst_2036> created at line 21
    Found 1-bit tristate buffer for signal <RAM_trst_2036> created at line 21
    Found 1-bit tristate buffer for signal <RAM_trst_2037> created at line 21
    Found 1-bit tristate buffer for signal <RAM_trst_2037> created at line 21
    Found 1-bit tristate buffer for signal <RAM_trst_2038> created at line 21
    Found 1-bit tristate buffer for signal <RAM_trst_2038> created at line 21
    Found 1-bit tristate buffer for signal <RAM_trst_2039> created at line 21
    Found 1-bit tristate buffer for signal <RAM_trst_2039> created at line 21
    Found 1-bit tristate buffer for signal <RAM_trst_2040> created at line 21
    Found 1-bit tristate buffer for signal <RAM_trst_2040> created at line 21
    Found 1-bit tristate buffer for signal <RAM_trst_2041> created at line 21
    Found 1-bit tristate buffer for signal <RAM_trst_2041> created at line 21
    Found 1-bit tristate buffer for signal <RAM_trst_2042> created at line 21
    Found 1-bit tristate buffer for signal <RAM_trst_2042> created at line 21
    Found 1-bit tristate buffer for signal <RAM_trst_2043> created at line 21
    Found 1-bit tristate buffer for signal <RAM_trst_2043> created at line 21
    Found 1-bit tristate buffer for signal <RAM_trst_2044> created at line 21
    Found 1-bit tristate buffer for signal <RAM_trst_2044> created at line 21
    Found 1-bit tristate buffer for signal <RAM_trst_2045> created at line 21
    Found 1-bit tristate buffer for signal <RAM_trst_2045> created at line 21
    Found 1-bit tristate buffer for signal <RAM_trst_2046> created at line 21
    Found 1-bit tristate buffer for signal <RAM_trst_2046> created at line 21
    Found 1-bit tristate buffer for signal <RAM_trst_2047> created at line 21
    Found 1-bit tristate buffer for signal <RAM_trst_2047> created at line 21
    Summary:
	inferred   1 RAM(s).
	inferred  32 D-type flip-flop(s).
	inferred  64 Tristate(s).
Unit <data_mem> synthesized.

=========================================================================
HDL Synthesis Report

Macro Statistics
# RAMs                                                 : 4
 15x32-bit dual-port RAM                               : 2
 64x32-bit dual-port RAM                               : 1
 64x32-bit single-port Read Only RAM                   : 1
# Adders/Subtractors                                   : 3
 32-bit adder                                          : 2
 33-bit addsub                                         : 1
# Registers                                            : 4
 2-bit register                                        : 2
 32-bit register                                       : 2
# Latches                                              : 10
 1-bit latch                                           : 10
# Comparators                                          : 1
 1-bit comparator equal                                : 1
# Multiplexers                                         : 17
 1-bit 16-to-1 multiplexer                             : 1
 1-bit 2-to-1 multiplexer                              : 4
 2-bit 2-to-1 multiplexer                              : 2
 32-bit 2-to-1 multiplexer                             : 5
 32-bit 3-to-1 multiplexer                             : 1
 33-bit 2-to-1 multiplexer                             : 2
 4-bit 2-to-1 multiplexer                              : 2
# Tristates                                            : 64
 1-bit tristate buffer                                 : 64

=========================================================================
INFO:Xst:1767 - HDL ADVISOR - Resource sharing has identified that some arithmetic operations in this design can share the same physical resources for reduced device utilization. For improved clock frequency you may try to disable resource sharing.

=========================================================================
*                       Advanced HDL Synthesis                          *
=========================================================================


Synthesizing (advanced) Unit <Instruction_MEM>.
INFO:Xst:3218 - HDL ADVISOR - The RAM <Mram_RAM> will be implemented on LUTs either because you have described an asynchronous read or because of currently unsupported block RAM features. If you have described an asynchronous read, making it synchronous would allow you to take advantage of available block RAM resources, for optimized device usage and improved timings. Please refer to your documentation for coding guidelines.
    -----------------------------------------------------------------------
    | ram_type           | Distributed                         |          |
    -----------------------------------------------------------------------
    | Port A                                                              |
    |     aspect ratio   | 64-word x 32-bit                    |          |
    |     weA            | connected to signal <GND>           | high     |
    |     addrA          | connected to signal <a>             |          |
    |     diA            | connected to signal <GND>           |          |
    |     doA            | connected to internal node          |          |
    -----------------------------------------------------------------------
Unit <Instruction_MEM> synthesized (advanced).

Synthesizing (advanced) Unit <data_mem>.
INFO:Xst:3218 - HDL ADVISOR - The RAM <Mram_RAM> will be implemented on LUTs either because you have described an asynchronous read or because of currently unsupported block RAM features. If you have described an asynchronous read, making it synchronous would allow you to take advantage of available block RAM resources, for optimized device usage and improved timings. Please refer to your documentation for coding guidelines.
    -----------------------------------------------------------------------
    | ram_type           | Distributed                         |          |
    -----------------------------------------------------------------------
    | Port A                                                              |
    |     aspect ratio   | 64-word x 32-bit                    |          |
    |     clkA           | connected to signal <clk>           | rise     |
    |     weA            | connected to signal <we>            | high     |
    |     addrA          | connected to signal <a>             |          |
    |     diA            | connected to signal <wd>            |          |
    |     doA            | connected to internal node          |          |
    -----------------------------------------------------------------------
    | Port B                                                              |
    |     aspect ratio   | 64-word x 32-bit                    |          |
    |     clkB           | connected to signal <clk>           | rise     |
    |     weB            | connected to signal <GND>           | high     |
    |     addrB          | connected to signal <GND>           |          |
    |     diB            | connected to signal <GND>           |          |
    -----------------------------------------------------------------------
Unit <data_mem> synthesized (advanced).

Synthesizing (advanced) Unit <registerFile>.
INFO:Xst:3218 - HDL ADVISOR - The RAM <Mram_registers> will be implemented on LUTs either because you have described an asynchronous read or because of currently unsupported block RAM features. If you have described an asynchronous read, making it synchronous would allow you to take advantage of available block RAM resources, for optimized device usage and improved timings. Please refer to your documentation for coding guidelines.
    -----------------------------------------------------------------------
    | ram_type           | Distributed                         |          |
    -----------------------------------------------------------------------
    | Port A                                                              |
    |     aspect ratio   | 15-word x 32-bit                    |          |
    |     clkA           | connected to signal <clk>           | rise     |
    |     weA            | connected to signal <we3>           | high     |
    |     addrA          | connected to signal <wa3>           |          |
    |     diA            | connected to signal <wd3>           |          |
    -----------------------------------------------------------------------
    | Port B                                                              |
    |     aspect ratio   | 15-word x 32-bit                    |          |
    |     addrB          | connected to signal <ra1>           |          |
    |     doB            | connected to internal node          |          |
    -----------------------------------------------------------------------
INFO:Xst:3218 - HDL ADVISOR - The RAM <Mram_registers1> will be implemented on LUTs either because you have described an asynchronous read or because of currently unsupported block RAM features. If you have described an asynchronous read, making it synchronous would allow you to take advantage of available block RAM resources, for optimized device usage and improved timings. Please refer to your documentation for coding guidelines.
    -----------------------------------------------------------------------
    | ram_type           | Distributed                         |          |
    -----------------------------------------------------------------------
    | Port A                                                              |
    |     aspect ratio   | 15-word x 32-bit                    |          |
    |     clkA           | connected to signal <clk>           | rise     |
    |     weA            | connected to signal <we3>           | high     |
    |     addrA          | connected to signal <wa3>           |          |
    |     diA            | connected to signal <wd3>           |          |
    -----------------------------------------------------------------------
    | Port B                                                              |
    |     aspect ratio   | 15-word x 32-bit                    |          |
    |     addrB          | connected to signal <ra2>           |          |
    |     doB            | connected to internal node          |          |
    -----------------------------------------------------------------------
Unit <registerFile> synthesized (advanced).

=========================================================================
Advanced HDL Synthesis Report

Macro Statistics
# RAMs                                                 : 4
 15x32-bit dual-port distributed RAM                   : 2
 64x32-bit dual-port distributed RAM                   : 1
 64x32-bit single-port distributed Read Only RAM       : 1
# Adders/Subtractors                                   : 3
 32-bit adder                                          : 2
 33-bit addsub                                         : 1
# Registers                                            : 68
 Flip-Flops                                            : 68
# Comparators                                          : 1
 1-bit comparator equal                                : 1
# Multiplexers                                         : 16
 1-bit 16-to-1 multiplexer                             : 1
 1-bit 2-to-1 multiplexer                              : 3
 2-bit 2-to-1 multiplexer                              : 2
 32-bit 2-to-1 multiplexer                             : 5
 32-bit 3-to-1 multiplexer                             : 1
 33-bit 2-to-1 multiplexer                             : 2
 4-bit 2-to-1 multiplexer                              : 2

=========================================================================

=========================================================================
*                         Low Level Synthesis                           *
=========================================================================
INFO:Xst:2261 - The FF/Latch <RegSrc_1> in Unit <principalDecoder> is equivalent to the following FF/Latch, which will be removed : <MemWR> 
WARNING:Xst:3002 - This design contains one or more registers/latches that are directly
   incompatible with the Spartan6 architecture. The two primary causes of this is
   either a register or latch described with both an asynchronous set and
   asynchronous reset, or a register or latch described with an asynchronous
   set or reset which however has an initialization value of the opposite 
   polarity (i.e. asynchronous reset with an initialization value of 1).
    While this circuit can be built, it creates a sub-optimal implementation
   in terms of area, power and performance. For a more optimal implementation
   Xilinx highly recommends one of the following:

          1) Remove either the set or reset from all registers and latches
             if not needed for required functionality
          2) Modify the code in order to produce a synchronous set
             and/or reset (both is preferred)
          3) Ensure all registers have the same initialization value as the
             described asynchronous set or reset polarity
          4) Use the -async_to_sync option to transform the asynchronous
             set/reset to synchronous operation
             (timing simulation highly recommended when using this option)

  Please refer to http://www.xilinx.com search string "Spartan6 asynchronous set/reset" for more details.

  List of register instances with asynchronous set or reset and opposite initialization value:
    q_31 in unit <flipflop>
    q_30 in unit <flipflop>
    q_29 in unit <flipflop>
    q_28 in unit <flipflop>
    q_27 in unit <flipflop>
    q_26 in unit <flipflop>
    q_25 in unit <flipflop>
    q_24 in unit <flipflop>
    q_23 in unit <flipflop>
    q_22 in unit <flipflop>
    q_21 in unit <flipflop>
    q_20 in unit <flipflop>
    q_19 in unit <flipflop>
    q_18 in unit <flipflop>
    q_17 in unit <flipflop>
    q_16 in unit <flipflop>
    q_15 in unit <flipflop>
    q_14 in unit <flipflop>
    q_13 in unit <flipflop>
    q_12 in unit <flipflop>
    q_11 in unit <flipflop>
    q_10 in unit <flipflop>
    q_9 in unit <flipflop>
    q_8 in unit <flipflop>
    q_7 in unit <flipflop>
    q_6 in unit <flipflop>
    q_5 in unit <flipflop>
    q_4 in unit <flipflop>
    q_3 in unit <flipflop>
    q_2 in unit <flipflop>

WARNING:Xst:2042 - Unit data_mem: 32 internal tristates are replaced by logic (pull-up yes): RAM_trst_2016, RAM_trst_2017, RAM_trst_2018, RAM_trst_2019, RAM_trst_2020, RAM_trst_2021, RAM_trst_2022, RAM_trst_2023, RAM_trst_2024, RAM_trst_2025, RAM_trst_2026, RAM_trst_2027, RAM_trst_2028, RAM_trst_2029, RAM_trst_2030, RAM_trst_2031, RAM_trst_2032, RAM_trst_2033, RAM_trst_2034, RAM_trst_2035, RAM_trst_2036, RAM_trst_2037, RAM_trst_2038, RAM_trst_2039, RAM_trst_2040, RAM_trst_2041, RAM_trst_2042, RAM_trst_2043, RAM_trst_2044, RAM_trst_2045, RAM_trst_2046, RAM_trst_2047.

Optimizing unit <flipflop> ...

Optimizing unit <topLevelModule> ...

Optimizing unit <dataPath> ...

Optimizing unit <ALU> ...

Optimizing unit <logicControl> ...

Optimizing unit <conditionals> ...

Optimizing unit <principalDecoder> ...

Optimizing unit <decode_alu> ...

Optimizing unit <data_mem> ...
WARNING:Xst:2677 - Node <dmem/RAM_ff_2016_31> of sequential type is unconnected in block <topLevelModule>.
WARNING:Xst:2677 - Node <dmem/RAM_ff_2017_30> of sequential type is unconnected in block <topLevelModule>.
WARNING:Xst:2677 - Node <dmem/RAM_ff_2018_29> of sequential type is unconnected in block <topLevelModule>.
WARNING:Xst:2677 - Node <dmem/RAM_ff_2019_28> of sequential type is unconnected in block <topLevelModule>.
WARNING:Xst:2677 - Node <dmem/RAM_ff_2020_27> of sequential type is unconnected in block <topLevelModule>.
WARNING:Xst:2677 - Node <dmem/RAM_ff_2021_26> of sequential type is unconnected in block <topLevelModule>.
WARNING:Xst:2677 - Node <dmem/RAM_ff_2022_25> of sequential type is unconnected in block <topLevelModule>.
WARNING:Xst:2677 - Node <dmem/RAM_ff_2023_24> of sequential type is unconnected in block <topLevelModule>.
WARNING:Xst:2677 - Node <dmem/RAM_ff_2024_23> of sequential type is unconnected in block <topLevelModule>.
WARNING:Xst:2677 - Node <dmem/RAM_ff_2025_22> of sequential type is unconnected in block <topLevelModule>.
WARNING:Xst:2677 - Node <dmem/RAM_ff_2026_21> of sequential type is unconnected in block <topLevelModule>.
WARNING:Xst:2677 - Node <dmem/RAM_ff_2027_20> of sequential type is unconnected in block <topLevelModule>.
WARNING:Xst:2677 - Node <dmem/RAM_ff_2028_19> of sequential type is unconnected in block <topLevelModule>.
WARNING:Xst:2677 - Node <dmem/RAM_ff_2029_18> of sequential type is unconnected in block <topLevelModule>.
WARNING:Xst:2677 - Node <dmem/RAM_ff_2030_17> of sequential type is unconnected in block <topLevelModule>.
WARNING:Xst:2677 - Node <dmem/RAM_ff_2031_16> of sequential type is unconnected in block <topLevelModule>.
WARNING:Xst:2677 - Node <dmem/RAM_ff_2032_15> of sequential type is unconnected in block <topLevelModule>.
WARNING:Xst:2677 - Node <dmem/RAM_ff_2033_14> of sequential type is unconnected in block <topLevelModule>.
WARNING:Xst:2677 - Node <dmem/RAM_ff_2034_13> of sequential type is unconnected in block <topLevelModule>.
WARNING:Xst:2677 - Node <dmem/RAM_ff_2035_12> of sequential type is unconnected in block <topLevelModule>.
WARNING:Xst:2677 - Node <dmem/RAM_ff_2036_11> of sequential type is unconnected in block <topLevelModule>.
WARNING:Xst:2677 - Node <dmem/RAM_ff_2037_10> of sequential type is unconnected in block <topLevelModule>.
WARNING:Xst:2677 - Node <dmem/RAM_ff_2038_9> of sequential type is unconnected in block <topLevelModule>.
WARNING:Xst:2677 - Node <dmem/RAM_ff_2039_8> of sequential type is unconnected in block <topLevelModule>.
WARNING:Xst:2677 - Node <dmem/RAM_ff_2040_7> of sequential type is unconnected in block <topLevelModule>.
WARNING:Xst:2677 - Node <dmem/RAM_ff_2041_6> of sequential type is unconnected in block <topLevelModule>.
WARNING:Xst:2677 - Node <dmem/RAM_ff_2042_5> of sequential type is unconnected in block <topLevelModule>.
WARNING:Xst:2677 - Node <dmem/RAM_ff_2043_4> of sequential type is unconnected in block <topLevelModule>.
WARNING:Xst:2677 - Node <dmem/RAM_ff_2044_3> of sequential type is unconnected in block <topLevelModule>.
WARNING:Xst:2677 - Node <dmem/RAM_ff_2045_2> of sequential type is unconnected in block <topLevelModule>.
WARNING:Xst:2677 - Node <dmem/RAM_ff_2046_1> of sequential type is unconnected in block <topLevelModule>.
WARNING:Xst:2677 - Node <dmem/RAM_ff_2047_0> of sequential type is unconnected in block <topLevelModule>.

Mapping all equations...
Building and optimizing final netlist ...
Found area constraint ratio of 100 (+ 5) on block topLevelModule, actual ratio is 46.
WARNING:Xst:1426 - The value init of the FF/Latch uut/data/ffPc/q_31_LD hinder the constant cleaning in the block topLevelModule.
   You should achieve better results by setting this init to 0.

Final Macro Processing ...

=========================================================================
Final Register Report

Macro Statistics
# Registers                                            : 2114
 Flip-Flops                                            : 2114

=========================================================================

=========================================================================
*                           Partition Report                            *
=========================================================================

Partition Implementation Status
-------------------------------

  No Partitions were found in this design.

-------------------------------

=========================================================================
*                            Design Summary                             *
=========================================================================

Top Level Output File Name         : topLevelModule.ngc

Primitive and Black Box Usage:
------------------------------
# BELS                             : 5875
#      GND                         : 1
#      INV                         : 2
#      LUT1                        : 58
#      LUT2                        : 69
#      LUT3                        : 2516
#      LUT4                        : 205
#      LUT5                        : 183
#      LUT6                        : 2623
#      MUXCY                       : 90
#      MUXF7                       : 34
#      VCC                         : 1
#      XORCY                       : 93
# FlipFlops/Latches                : 2124
#      FD                          : 30
#      FDC                         : 32
#      FDCE                        : 4
#      FDE                         : 2048
#      LD                          : 7
#      LDC                         : 2
#      LDE                         : 1
# RAMS                             : 14
#      RAM16X1D                    : 4
#      RAM32M                      : 10
# Clock Buffers                    : 2
#      BUFG                        : 1
#      BUFGP                       : 1
# IO Buffers                       : 66
#      IBUF                        : 1
#      OBUF                        : 65

Device utilization summary:
---------------------------

Selected Device : 6slx16csg324-3 


Slice Logic Utilization: 
 Number of Slice Registers:            2124  out of  18224    11%  
 Number of Slice LUTs:                 5704  out of   9112    62%  
    Number used as Logic:              5656  out of   9112    62%  
    Number used as Memory:               48  out of   2176     2%  
       Number used as RAM:               48

Slice Logic Distribution: 
 Number of LUT Flip Flop pairs used:   5712
   Number with an unused Flip Flop:    3588  out of   5712    62%  
   Number with an unused LUT:             8  out of   5712     0%  
   Number of fully used LUT-FF pairs:  2116  out of   5712    37%  
   Number of unique control sets:        27

IO Utilization: 
 Number of IOs:                          67
 Number of bonded IOBs:                  67  out of    232    28%  

Specific Feature Utilization:
 Number of BUFG/BUFGCTRLs:                2  out of     16    12%  

---------------------------
Partition Resource Summary:
---------------------------

  No Partitions were found in this design.

---------------------------


=========================================================================
Timing Report

NOTE: THESE TIMING NUMBERS ARE ONLY A SYNTHESIS ESTIMATE.
      FOR ACCURATE TIMING INFORMATION PLEASE REFER TO THE TRACE REPORT
      GENERATED AFTER PLACE-and-ROUTE.

Clock Information:
------------------
---------------------------------------------------------------------------------+--------------------------------------------------+-------+
Clock Signal                                                                     | Clock buffer(FF name)                            | Load  |
---------------------------------------------------------------------------------+--------------------------------------------------+-------+
clk                                                                              | BUFGP                                            | 2128  |
uut/controller/deco/decoMain/_n0031<2>(uut/controller/deco/decoMain/_n0031<2>1:O)| NONE(*)(uut/controller/deco/decoMain/RegSrc_1)   | 6     |
uut/controller/deco/aluMain/_n0048(uut/controller/deco/aluMain/out1:O)           | NONE(*)(uut/controller/deco/aluMain/ALUControl_1)| 2     |
uut/controller/deco/decoMain/ALUOp                                               | NONE(uut/controller/deco/aluMain/NoWrite)        | 1     |
reset                                                                            | IBUF+BUFG                                        | 1     |
---------------------------------------------------------------------------------+--------------------------------------------------+-------+
(*) These 2 clock signal(s) are generated by combinatorial logic,
and XST is not able to identify which are the primary clock signals.
Please use the CLOCK_SIGNAL constraint to specify the clock signal(s) generated by combinatorial logic.
INFO:Xst:2169 - HDL ADVISOR - Some clock signals were not automatically buffered by XST with BUFG/BUFR resources. Please use the buffer_type constraint in order to insert these buffers to the clock signals to help prevent skew problems.

Asynchronous Control Signals Information:
----------------------------------------
No asynchronous control signals found in this design

Timing Summary:
---------------
Speed Grade: -3

   Minimum period: 15.612ns (Maximum Frequency: 64.053MHz)
   Minimum input arrival time before clock: 3.000ns
   Maximum output required time after clock: 15.645ns
   Maximum combinational path delay: No path found

Timing Details:
---------------
All values displayed in nanoseconds (ns)

=========================================================================
Timing constraint: Default period analysis for Clock 'clk'
  Clock period: 15.612ns (frequency: 64.053MHz)
  Total number of paths / destination ports: 53928671 / 4316
-------------------------------------------------------------------------
Delay:               15.612ns (Levels of Logic = 15)
  Source:            uut/data/ffPc/q_7_P_7 (FF)
  Destination:       dmem/RAM_FF_1535 (FF)
  Source Clock:      clk rising
  Destination Clock: clk rising

  Data Path: uut/data/ffPc/q_7_P_7 to dmem/RAM_FF_1535
                                Gate     Net
    Cell:in->out      fanout   Delay   Delay  Logical Name (Net Name)
    ----------------------------------------  ------------
     FD:C->Q               1   0.447   0.684  uut/data/ffPc/q_7_P_7 (uut/data/ffPc/q_7_P_7)
     LUT3:I1->O           25   0.203   1.557  uut/data/ffPc/q_71 (uut/data/ffPc/q_7)
     LUT6:I0->O           27   0.203   1.468  imem/Mram_RAM151 (Instr<15>)
     LUT4:I0->O           14   0.203   0.958  uut/data/regFile/ra2[3]_PWR_30_o_equal_6_o<3>_SW0 (N2)
     LUT6:I5->O           67   0.205   1.660  uut/data/regFile/Mmux_rd2231 (WriteData_2_OBUF)
     LUT5:I4->O            1   0.205   0.000  uut/data/mainALU/Mmux_tmp1_rs_lut<2> (uut/data/mainALU/Mmux_tmp1_rs_lut<2>)
     MUXCY:S->O            1   0.172   0.000  uut/data/mainALU/Mmux_tmp1_rs_cy<2> (uut/data/mainALU/Mmux_tmp1_rs_cy<2>)
     MUXCY:CI->O           1   0.019   0.000  uut/data/mainALU/Mmux_tmp1_rs_cy<3> (uut/data/mainALU/Mmux_tmp1_rs_cy<3>)
     MUXCY:CI->O           1   0.019   0.000  uut/data/mainALU/Mmux_tmp1_rs_cy<4> (uut/data/mainALU/Mmux_tmp1_rs_cy<4>)
     MUXCY:CI->O           1   0.019   0.000  uut/data/mainALU/Mmux_tmp1_rs_cy<5> (uut/data/mainALU/Mmux_tmp1_rs_cy<5>)
     XORCY:CI->O           3   0.180   0.651  uut/data/mainALU/Mmux_tmp1_rs_xor<6> (uut/data/mainALU/Mmux_tmp1_split<6>)
     LUT5:I4->O          342   0.205   2.303  uut/data/mainALU/Mmux_tmp3301 (DataAdr_6_OBUF)
     LUT3:I0->O          256   0.205   2.067  dmem/inst_LPM_DECODE1221 (dmem/inst_LPM_DECODE122)
     LUT6:I5->O            1   0.205   0.580  dmem/RAM_DATAEQN_5111 (dmem/RAM_DataEqn_511)
     LUT3:I2->O            1   0.205   0.684  dmem/RAM_FF_511_dpot (dmem/RAM_FF_511_dpot)
     LUT3:I1->O            1   0.203   0.000  dmem/RAM_FF_511_dpot1 (dmem/RAM_FF_511_dpot1)
     FDE:D                     0.102          dmem/RAM_FF_511
    ----------------------------------------
    Total                     15.612ns (3.000ns logic, 12.612ns route)
                                       (19.2% logic, 80.8% route)

=========================================================================
Timing constraint: Default OFFSET IN BEFORE for Clock 'clk'
  Total number of paths / destination ports: 36 / 36
-------------------------------------------------------------------------
Offset:              3.000ns (Levels of Logic = 1)
  Source:            reset (PAD)
  Destination:       uut/data/ffPc/q_1 (FF)
  Destination Clock: clk rising

  Data Path: reset to uut/data/ffPc/q_1
                                Gate     Net
    Cell:in->out      fanout   Delay   Delay  Logical Name (Net Name)
    ----------------------------------------  ------------
     IBUF:I->O            36   1.222   1.348  reset_IBUF (reset_IBUF)
     FDC:CLR                   0.430          uut/data/ffPc/q_0
    ----------------------------------------
    Total                      3.000ns (1.652ns logic, 1.348ns route)
                                       (55.1% logic, 44.9% route)

=========================================================================
Timing constraint: Default OFFSET OUT AFTER for Clock 'reset'
  Total number of paths / destination ports: 212786 / 65
-------------------------------------------------------------------------
Offset:              15.645ns (Levels of Logic = 26)
  Source:            uut/data/ffPc/q_31_LD (LATCH)
  Destination:       DataAdr<31> (PAD)
  Source Clock:      reset falling

  Data Path: uut/data/ffPc/q_31_LD to DataAdr<31>
                                Gate     Net
    Cell:in->out      fanout   Delay   Delay  Logical Name (Net Name)
    ----------------------------------------  ------------
     LD:G->Q              31   0.498   1.506  uut/data/ffPc/q_31_LD (uut/data/ffPc/q_31_LD)
     LUT3:I0->O           25   0.205   1.557  uut/data/ffPc/q_71 (uut/data/ffPc/q_7)
     LUT6:I0->O           27   0.203   1.468  imem/Mram_RAM151 (Instr<15>)
     LUT4:I0->O           14   0.203   0.958  uut/data/regFile/ra2[3]_PWR_30_o_equal_6_o<3>_SW0 (N2)
     LUT6:I5->O          247   0.205   2.066  uut/data/regFile/ra2[3]_PWR_30_o_equal_6_o<3> (uut/data/regFile/ra2[3]_PWR_30_o_equal_6_o)
     LUT3:I2->O           58   0.205   1.601  uut/data/regFile/Mmux_rd261 (WriteData_14_OBUF)
     LUT6:I5->O            1   0.205   0.000  uut/data/mainALU/Mmux_tmp1_rs_lut<14> (uut/data/mainALU/Mmux_tmp1_rs_lut<14>)
     MUXCY:S->O            1   0.172   0.000  uut/data/mainALU/Mmux_tmp1_rs_cy<14> (uut/data/mainALU/Mmux_tmp1_rs_cy<14>)
     MUXCY:CI->O           1   0.019   0.000  uut/data/mainALU/Mmux_tmp1_rs_cy<15> (uut/data/mainALU/Mmux_tmp1_rs_cy<15>)
     MUXCY:CI->O           1   0.019   0.000  uut/data/mainALU/Mmux_tmp1_rs_cy<16> (uut/data/mainALU/Mmux_tmp1_rs_cy<16>)
     MUXCY:CI->O           1   0.019   0.000  uut/data/mainALU/Mmux_tmp1_rs_cy<17> (uut/data/mainALU/Mmux_tmp1_rs_cy<17>)
     MUXCY:CI->O           1   0.019   0.000  uut/data/mainALU/Mmux_tmp1_rs_cy<18> (uut/data/mainALU/Mmux_tmp1_rs_cy<18>)
     MUXCY:CI->O           1   0.019   0.000  uut/data/mainALU/Mmux_tmp1_rs_cy<19> (uut/data/mainALU/Mmux_tmp1_rs_cy<19>)
     MUXCY:CI->O           1   0.019   0.000  uut/data/mainALU/Mmux_tmp1_rs_cy<20> (uut/data/mainALU/Mmux_tmp1_rs_cy<20>)
     MUXCY:CI->O           1   0.019   0.000  uut/data/mainALU/Mmux_tmp1_rs_cy<21> (uut/data/mainALU/Mmux_tmp1_rs_cy<21>)
     MUXCY:CI->O           1   0.019   0.000  uut/data/mainALU/Mmux_tmp1_rs_cy<22> (uut/data/mainALU/Mmux_tmp1_rs_cy<22>)
     MUXCY:CI->O           1   0.019   0.000  uut/data/mainALU/Mmux_tmp1_rs_cy<23> (uut/data/mainALU/Mmux_tmp1_rs_cy<23>)
     MUXCY:CI->O           1   0.019   0.000  uut/data/mainALU/Mmux_tmp1_rs_cy<24> (uut/data/mainALU/Mmux_tmp1_rs_cy<24>)
     MUXCY:CI->O           1   0.019   0.000  uut/data/mainALU/Mmux_tmp1_rs_cy<25> (uut/data/mainALU/Mmux_tmp1_rs_cy<25>)
     MUXCY:CI->O           1   0.019   0.000  uut/data/mainALU/Mmux_tmp1_rs_cy<26> (uut/data/mainALU/Mmux_tmp1_rs_cy<26>)
     MUXCY:CI->O           1   0.019   0.000  uut/data/mainALU/Mmux_tmp1_rs_cy<27> (uut/data/mainALU/Mmux_tmp1_rs_cy<27>)
     MUXCY:CI->O           1   0.019   0.000  uut/data/mainALU/Mmux_tmp1_rs_cy<28> (uut/data/mainALU/Mmux_tmp1_rs_cy<28>)
     MUXCY:CI->O           1   0.019   0.000  uut/data/mainALU/Mmux_tmp1_rs_cy<29> (uut/data/mainALU/Mmux_tmp1_rs_cy<29>)
     MUXCY:CI->O           1   0.019   0.000  uut/data/mainALU/Mmux_tmp1_rs_cy<30> (uut/data/mainALU/Mmux_tmp1_rs_cy<30>)
     XORCY:CI->O           4   0.180   0.684  uut/data/mainALU/Mmux_tmp1_rs_xor<31> (uut/data/mainALU/Mmux_tmp1_split<31>)
     LUT5:I4->O            3   0.205   0.650  uut/data/mainALU/Mmux_tmp3251 (DataAdr_31_OBUF)
     OBUF:I->O                 2.571          DataAdr_31_OBUF (DataAdr<31>)
    ----------------------------------------
    Total                     15.645ns (5.156ns logic, 10.489ns route)
                                       (33.0% logic, 67.0% route)

=========================================================================
Timing constraint: Default OFFSET OUT AFTER for Clock 'clk'
  Total number of paths / destination ports: 427546 / 65
-------------------------------------------------------------------------
Offset:              14.770ns (Levels of Logic = 26)
  Source:            uut/data/ffPc/q_7_P_7 (FF)
  Destination:       DataAdr<31> (PAD)
  Source Clock:      clk rising

  Data Path: uut/data/ffPc/q_7_P_7 to DataAdr<31>
                                Gate     Net
    Cell:in->out      fanout   Delay   Delay  Logical Name (Net Name)
    ----------------------------------------  ------------
     FD:C->Q               1   0.447   0.684  uut/data/ffPc/q_7_P_7 (uut/data/ffPc/q_7_P_7)
     LUT3:I1->O           25   0.203   1.557  uut/data/ffPc/q_71 (uut/data/ffPc/q_7)
     LUT6:I0->O           27   0.203   1.468  imem/Mram_RAM151 (Instr<15>)
     LUT4:I0->O           14   0.203   0.958  uut/data/regFile/ra2[3]_PWR_30_o_equal_6_o<3>_SW0 (N2)
     LUT6:I5->O          247   0.205   2.066  uut/data/regFile/ra2[3]_PWR_30_o_equal_6_o<3> (uut/data/regFile/ra2[3]_PWR_30_o_equal_6_o)
     LUT3:I2->O           58   0.205   1.601  uut/data/regFile/Mmux_rd261 (WriteData_14_OBUF)
     LUT6:I5->O            1   0.205   0.000  uut/data/mainALU/Mmux_tmp1_rs_lut<14> (uut/data/mainALU/Mmux_tmp1_rs_lut<14>)
     MUXCY:S->O            1   0.172   0.000  uut/data/mainALU/Mmux_tmp1_rs_cy<14> (uut/data/mainALU/Mmux_tmp1_rs_cy<14>)
     MUXCY:CI->O           1   0.019   0.000  uut/data/mainALU/Mmux_tmp1_rs_cy<15> (uut/data/mainALU/Mmux_tmp1_rs_cy<15>)
     MUXCY:CI->O           1   0.019   0.000  uut/data/mainALU/Mmux_tmp1_rs_cy<16> (uut/data/mainALU/Mmux_tmp1_rs_cy<16>)
     MUXCY:CI->O           1   0.019   0.000  uut/data/mainALU/Mmux_tmp1_rs_cy<17> (uut/data/mainALU/Mmux_tmp1_rs_cy<17>)
     MUXCY:CI->O           1   0.019   0.000  uut/data/mainALU/Mmux_tmp1_rs_cy<18> (uut/data/mainALU/Mmux_tmp1_rs_cy<18>)
     MUXCY:CI->O           1   0.019   0.000  uut/data/mainALU/Mmux_tmp1_rs_cy<19> (uut/data/mainALU/Mmux_tmp1_rs_cy<19>)
     MUXCY:CI->O           1   0.019   0.000  uut/data/mainALU/Mmux_tmp1_rs_cy<20> (uut/data/mainALU/Mmux_tmp1_rs_cy<20>)
     MUXCY:CI->O           1   0.019   0.000  uut/data/mainALU/Mmux_tmp1_rs_cy<21> (uut/data/mainALU/Mmux_tmp1_rs_cy<21>)
     MUXCY:CI->O           1   0.019   0.000  uut/data/mainALU/Mmux_tmp1_rs_cy<22> (uut/data/mainALU/Mmux_tmp1_rs_cy<22>)
     MUXCY:CI->O           1   0.019   0.000  uut/data/mainALU/Mmux_tmp1_rs_cy<23> (uut/data/mainALU/Mmux_tmp1_rs_cy<23>)
     MUXCY:CI->O           1   0.019   0.000  uut/data/mainALU/Mmux_tmp1_rs_cy<24> (uut/data/mainALU/Mmux_tmp1_rs_cy<24>)
     MUXCY:CI->O           1   0.019   0.000  uut/data/mainALU/Mmux_tmp1_rs_cy<25> (uut/data/mainALU/Mmux_tmp1_rs_cy<25>)
     MUXCY:CI->O           1   0.019   0.000  uut/data/mainALU/Mmux_tmp1_rs_cy<26> (uut/data/mainALU/Mmux_tmp1_rs_cy<26>)
     MUXCY:CI->O           1   0.019   0.000  uut/data/mainALU/Mmux_tmp1_rs_cy<27> (uut/data/mainALU/Mmux_tmp1_rs_cy<27>)
     MUXCY:CI->O           1   0.019   0.000  uut/data/mainALU/Mmux_tmp1_rs_cy<28> (uut/data/mainALU/Mmux_tmp1_rs_cy<28>)
     MUXCY:CI->O           1   0.019   0.000  uut/data/mainALU/Mmux_tmp1_rs_cy<29> (uut/data/mainALU/Mmux_tmp1_rs_cy<29>)
     MUXCY:CI->O           1   0.019   0.000  uut/data/mainALU/Mmux_tmp1_rs_cy<30> (uut/data/mainALU/Mmux_tmp1_rs_cy<30>)
     XORCY:CI->O           4   0.180   0.684  uut/data/mainALU/Mmux_tmp1_rs_xor<31> (uut/data/mainALU/Mmux_tmp1_split<31>)
     LUT5:I4->O            3   0.205   0.650  uut/data/mainALU/Mmux_tmp3251 (DataAdr_31_OBUF)
     OBUF:I->O                 2.571          DataAdr_31_OBUF (DataAdr<31>)
    ----------------------------------------
    Total                     14.770ns (5.103ns logic, 9.667ns route)
                                       (34.5% logic, 65.5% route)

=========================================================================
Timing constraint: Default OFFSET OUT AFTER for Clock 'uut/controller/deco/decoMain/_n0031<2>'
  Total number of paths / destination ports: 3631 / 65
-------------------------------------------------------------------------
Offset:              11.665ns (Levels of Logic = 7)
  Source:            uut/controller/deco/decoMain/InmSrc_1 (LATCH)
  Destination:       DataAdr<3> (PAD)
  Source Clock:      uut/controller/deco/decoMain/_n0031<2> falling

  Data Path: uut/controller/deco/decoMain/InmSrc_1 to DataAdr<3>
                                Gate     Net
    Cell:in->out      fanout   Delay   Delay  Logical Name (Net Name)
    ----------------------------------------  ------------
     LD:G->Q              91   0.498   2.162  uut/controller/deco/decoMain/InmSrc_1 (uut/controller/deco/decoMain/InmSrc_1)
     LUT5:I0->O           30   0.203   1.264  uut/data/regFile/Mmux_rd11111 (uut/data/regFile/Mmux_rd1111)
     LUT5:I4->O            6   0.205   0.849  uut/data/regFile/Mmux_rd1231 (uut/data/SrcA<2>)
     LUT5:I3->O            1   0.203   0.000  uut/data/mainALU/Mmux_tmp1_rs_lut<2> (uut/data/mainALU/Mmux_tmp1_rs_lut<2>)
     MUXCY:S->O            1   0.172   0.000  uut/data/mainALU/Mmux_tmp1_rs_cy<2> (uut/data/mainALU/Mmux_tmp1_rs_cy<2>)
     XORCY:CI->O           2   0.180   0.617  uut/data/mainALU/Mmux_tmp1_rs_xor<3> (uut/data/mainALU/Mmux_tmp1_split<3>)
     LUT5:I4->O         2371   0.205   2.536  uut/data/mainALU/Mmux_tmp3271 (DataAdr_3_OBUF)
     OBUF:I->O                 2.571          DataAdr_3_OBUF (DataAdr<3>)
    ----------------------------------------
    Total                     11.665ns (4.237ns logic, 7.428ns route)
                                       (36.3% logic, 63.7% route)

=========================================================================
Timing constraint: Default OFFSET OUT AFTER for Clock 'uut/controller/deco/aluMain/_n0048'
  Total number of paths / destination ports: 624 / 32
-------------------------------------------------------------------------
Offset:              9.354ns (Levels of Logic = 6)
  Source:            uut/controller/deco/aluMain/ALUControl_0 (LATCH)
  Destination:       DataAdr<2> (PAD)
  Source Clock:      uut/controller/deco/aluMain/_n0048 falling

  Data Path: uut/controller/deco/aluMain/ALUControl_0 to DataAdr<2>
                                Gate     Net
    Cell:in->out      fanout   Delay   Delay  Logical Name (Net Name)
    ----------------------------------------  ------------
     LDC:G->Q            106   0.498   2.258  uut/controller/deco/aluMain/ALUControl_0 (uut/controller/deco/aluMain/ALUControl_0)
     LUT6:I0->O            1   0.203   0.000  uut/data/mainALU/Mmux_tmp1_rs_lut<0> (uut/data/mainALU/Mmux_tmp1_rs_lut<0>)
     MUXCY:S->O            1   0.172   0.000  uut/data/mainALU/Mmux_tmp1_rs_cy<0> (uut/data/mainALU/Mmux_tmp1_rs_cy<0>)
     MUXCY:CI->O           1   0.019   0.000  uut/data/mainALU/Mmux_tmp1_rs_cy<1> (uut/data/mainALU/Mmux_tmp1_rs_cy<1>)
     XORCY:CI->O           5   0.180   0.715  uut/data/mainALU/Mmux_tmp1_rs_xor<2> (uut/data/mainALU/Mmux_tmp1_split<2>)
     LUT5:I4->O         2363   0.205   2.534  uut/data/mainALU/Mmux_tmp3231 (DataAdr_2_OBUF)
     OBUF:I->O                 2.571          DataAdr_2_OBUF (DataAdr<2>)
    ----------------------------------------
    Total                      9.354ns (3.848ns logic, 5.506ns route)
                                       (41.1% logic, 58.9% route)

=========================================================================

Cross Clock Domains Report:
--------------------------

Clock to Setup on destination clock clk
--------------------------------------+---------+---------+---------+---------+
                                      | Src:Rise| Src:Fall| Src:Rise| Src:Fall|
Source Clock                          |Dest:Rise|Dest:Rise|Dest:Fall|Dest:Fall|
--------------------------------------+---------+---------+---------+---------+
clk                                   |   15.612|         |         |         |
reset                                 |         |   16.487|         |         |
uut/controller/deco/aluMain/_n0048    |         |   10.816|         |         |
uut/controller/deco/decoMain/ALUOp    |         |    2.906|         |         |
uut/controller/deco/decoMain/_n0031<2>|         |   13.203|         |         |
--------------------------------------+---------+---------+---------+---------+

Clock to Setup on destination clock uut/controller/deco/aluMain/_n0048
--------------------------------------+---------+---------+---------+---------+
                                      | Src:Rise| Src:Fall| Src:Rise| Src:Fall|
Source Clock                          |Dest:Rise|Dest:Rise|Dest:Fall|Dest:Fall|
--------------------------------------+---------+---------+---------+---------+
clk                                   |         |         |    4.551|         |
reset                                 |         |         |    5.426|         |
uut/controller/deco/decoMain/_n0031<2>|         |         |    2.433|         |
--------------------------------------+---------+---------+---------+---------+

Clock to Setup on destination clock uut/controller/deco/decoMain/ALUOp
---------------+---------+---------+---------+---------+
               | Src:Rise| Src:Fall| Src:Rise| Src:Fall|
Source Clock   |Dest:Rise|Dest:Rise|Dest:Fall|Dest:Fall|
---------------+---------+---------+---------+---------+
clk            |         |         |    5.612|         |
reset          |         |         |    6.488|         |
---------------+---------+---------+---------+---------+

Clock to Setup on destination clock uut/controller/deco/decoMain/_n0031<2>
---------------+---------+---------+---------+---------+
               | Src:Rise| Src:Fall| Src:Rise| Src:Fall|
Source Clock   |Dest:Rise|Dest:Rise|Dest:Fall|Dest:Fall|
---------------+---------+---------+---------+---------+
clk            |         |         |    4.337|         |
reset          |         |         |    5.212|         |
---------------+---------+---------+---------+---------+

=========================================================================


Total REAL time to Xst completion: 31.00 secs
Total CPU time to Xst completion: 30.65 secs
 
--> 

Total memory usage is 287796 kilobytes

Number of errors   :    0 (   0 filtered)
Number of warnings :   63 (   0 filtered)
Number of infos    :    8 (   0 filtered)

